---
http_interactions:
- request:
    method: get
    uri: https://api.nsone.net/v1/zones/test.recordstore.io/one_of_these_should_remain.test.recordstore.io/A
    body:
      encoding: US-ASCII
      string: ''
    headers:
      X-Nsone-Key:
      - "<NS1_API_KEY>"
      Accept-Encoding:
      - gzip;q=1.0,deflate;q=0.6,identity;q=0.3
      Accept:
      - "*/*"
      User-Agent:
      - Ruby
  response:
    status:
      code: 404
      message: Not Found
    headers:
      Date:
      - Fri, 27 Sep 2019 19:35:36 GMT
      Content-Type:
      - application/json
      Content-Length:
      - '31'
      Connection:
      - keep-alive
      Set-Cookie:
      - __cfduid=dbb92e0576d4c1dfe3617d4cf7000b2051569612936; expires=Sat, 26-Sep-20
        19:35:36 GMT; path=/; domain=.nsone.net; HttpOnly
      X-Ratelimit-Remaining:
      - '818'
      X-Ratelimit-By:
      - customer
      X-Ratelimit-Limit:
      - '900'
      X-Ratelimit-Period:
      - '300'
      Pragma:
      - no-cache
      Cache-Control:
      - no-cache
      Expires:
      - '0'
      Expect-Ct:
      - max-age=604800, report-uri="https://report-uri.cloudflare.com/cdn-cgi/beacon/expect-ct"
      Server:
      - cloudflare
      Cf-Ray:
      - 51cfebf5dabd27c0-YYZ
    body:
      encoding: UTF-8
      string: '{"message":"record not found"}

        '
    http_version: 
  recorded_at: Fri, 27 Sep 2019 19:35:36 GMT
- request:
    method: put
    uri: https://api.nsone.net/v1/zones/test.recordstore.io/one_of_these_should_remain.test.recordstore.io/A
    body:
      encoding: UTF-8
      string: '{"answers":[{"answer":["10.10.10.42"]}],"ttl":600,"zone":"test.recordstore.io","domain":"one_of_these_should_remain.test.recordstore.io","type":"A"}'
    headers:
      X-Nsone-Key:
      - "<NS1_API_KEY>"
      Content-Type:
      - application/json
      Accept-Encoding:
      - gzip;q=1.0,deflate;q=0.6,identity;q=0.3
      Accept:
      - "*/*"
      User-Agent:
      - Ruby
  response:
    status:
      code: 200
      message: OK
    headers:
      Date:
      - Fri, 27 Sep 2019 19:35:36 GMT
      Content-Type:
      - application/json
      Transfer-Encoding:
      - chunked
      Connection:
      - keep-alive
      Set-Cookie:
      - __cfduid=d36b546dd79698ffc378a29aa1aefc2a21569612936; expires=Sat, 26-Sep-20
        19:35:36 GMT; path=/; domain=.nsone.net; HttpOnly
      X-Ratelimit-Remaining:
      - '98'
      X-Ratelimit-By:
      - customer
      X-Ratelimit-Limit:
      - '100'
      X-Ratelimit-Period:
      - '200'
      Pragma:
      - no-cache
      Cache-Control:
      - no-cache
      - private, max-age=0, no-cache, no-store
      Expires:
      - '0'
      X-Xss-Protection:
      - 1; mode=block
      X-Content-Type-Options:
      - nosniff
      X-Frame-Options:
      - SAMEORIGIN
      Strict-Transport-Security:
      - max-age=63072000; includeSubdomains; preload
      Expect-Ct:
      - max-age=604800, report-uri="https://report-uri.cloudflare.com/cdn-cgi/beacon/expect-ct"
      Server:
      - cloudflare
      Cf-Ray:
      - 51cfebf68fd3ab64-YYZ
    body:
      encoding: ASCII-8BIT
      string: '{"domain":"one_of_these_should_remain.test.recordstore.io","zone":"test.recordstore.io","use_client_subnet":true,"answers":[{"answer":["10.10.10.42"],"id":"5d8e6488bbccf90001d23dac"}],"id":"5d8e6488bbccf90001d23dad","regions":{},"meta":{},"link":null,"filters":[],"ttl":600,"tier":1,"type":"A","networks":[0]}

        '
    http_version: 
  recorded_at: Fri, 27 Sep 2019 19:35:36 GMT
- request:
    method: get
    uri: https://api.nsone.net/v1/zones/test.recordstore.io/one_of_these_should_remain.test.recordstore.io/A
    body:
      encoding: US-ASCII
      string: ''
    headers:
      X-Nsone-Key:
      - "<NS1_API_KEY>"
      Accept-Encoding:
      - gzip;q=1.0,deflate;q=0.6,identity;q=0.3
      Accept:
      - "*/*"
      User-Agent:
      - Ruby
  response:
    status:
      code: 200
      message: OK
    headers:
      Date:
      - Fri, 27 Sep 2019 19:35:36 GMT
      Content-Type:
      - application/json
      Transfer-Encoding:
      - chunked
      Connection:
      - keep-alive
      Set-Cookie:
      - __cfduid=da9c4b3436bf68d4b11879ba20fcb64df1569612936; expires=Sat, 26-Sep-20
        19:35:36 GMT; path=/; domain=.nsone.net; HttpOnly
      X-Ratelimit-Remaining:
      - '818'
      Etag:
      - W/"b8c42efb06e6ac49eb1411305a9dfa157f7f7c5e"
      X-Ratelimit-By:
      - customer
      X-Ratelimit-Limit:
      - '900'
      X-Ratelimit-Period:
      - '300'
      Pragma:
      - no-cache
      Cache-Control:
      - no-cache
      - private, max-age=0, no-cache, no-store
      Expires:
      - '0'
      X-Xss-Protection:
      - 1; mode=block
      X-Content-Type-Options:
      - nosniff
      X-Frame-Options:
      - SAMEORIGIN
      Strict-Transport-Security:
      - max-age=63072000; includeSubdomains; preload
      Expect-Ct:
      - max-age=604800, report-uri="https://report-uri.cloudflare.com/cdn-cgi/beacon/expect-ct"
      Server:
      - cloudflare
      Cf-Ray:
      - 51cfebf77a59caa4-YYZ
    body:
      encoding: ASCII-8BIT
      string: '{"domain":"one_of_these_should_remain.test.recordstore.io","zone":"test.recordstore.io","use_client_subnet":true,"answers":[{"answer":["10.10.10.42"],"id":"5d8e6488bbccf90001d23dac"}],"id":"5d8e6488bbccf90001d23dad","regions":{},"meta":{},"link":null,"filters":[],"ttl":600,"tier":1,"type":"A","networks":[0]}

        '
    http_version: 
  recorded_at: Fri, 27 Sep 2019 19:35:36 GMT
- request:
    method: post
    uri: https://api.nsone.net/v1/zones/test.recordstore.io/one_of_these_should_remain.test.recordstore.io/A
    body:
      encoding: UTF-8
      string: '{"answers":[{"answer":["10.10.10.42"],"id":"5d8e6488bbccf90001d23dac"},{"answer":["10.10.10.43"]}]}'
    headers:
      X-Nsone-Key:
      - "<NS1_API_KEY>"
      Content-Type:
      - application/json
      Accept-Encoding:
      - gzip;q=1.0,deflate;q=0.6,identity;q=0.3
      Accept:
      - "*/*"
      User-Agent:
      - Ruby
  response:
    status:
      code: 200
      message: OK
    headers:
      Date:
      - Fri, 27 Sep 2019 19:35:37 GMT
      Content-Type:
      - application/json
      Transfer-Encoding:
      - chunked
      Connection:
      - keep-alive
      Set-Cookie:
      - __cfduid=d77c9da6aae55971c5284a1240e3f16b81569612936; expires=Sat, 26-Sep-20
        19:35:36 GMT; path=/; domain=.nsone.net; HttpOnly
      X-Ratelimit-Remaining:
      - '299'
      X-Ratelimit-By:
      - customer
      X-Ratelimit-Limit:
      - '300'
      X-Ratelimit-Period:
      - '300'
      Pragma:
      - no-cache
      Cache-Control:
      - no-cache
      - private, max-age=0, no-cache, no-store
      Expires:
      - '0'
      X-Xss-Protection:
      - 1; mode=block
      X-Content-Type-Options:
      - nosniff
      X-Frame-Options:
      - SAMEORIGIN
      Strict-Transport-Security:
      - max-age=63072000; includeSubdomains; preload
      Expect-Ct:
      - max-age=604800, report-uri="https://report-uri.cloudflare.com/cdn-cgi/beacon/expect-ct"
      Server:
      - cloudflare
      Cf-Ray:
      - 51cfebf80f17cab0-YYZ
    body:
      encoding: ASCII-8BIT
      string: '{"domain":"one_of_these_should_remain.test.recordstore.io","zone":"test.recordstore.io","use_client_subnet":true,"answers":[{"answer":["10.10.10.42"],"id":"5d8e6488bbccf90001d23dac"},{"answer":["10.10.10.43"],"id":"5d8e6489c94a9000018f6759"}],"id":"5d8e6488bbccf90001d23dad","regions":{},"meta":{},"link":null,"filters":[],"ttl":600,"tier":1,"type":"A","networks":[0]}

        '
    http_version: 
  recorded_at: Fri, 27 Sep 2019 19:35:37 GMT
- request:
    method: get
    uri: https://api.nsone.net/v1/zones/test.recordstore.io/one_of_these_should_remain.test.recordstore.io/A
    body:
      encoding: US-ASCII
      string: ''
    headers:
      X-Nsone-Key:
      - "<NS1_API_KEY>"
      Accept-Encoding:
      - gzip;q=1.0,deflate;q=0.6,identity;q=0.3
      Accept:
      - "*/*"
      User-Agent:
      - Ruby
  response:
    status:
      code: 200
      message: OK
    headers:
      Date:
      - Fri, 27 Sep 2019 19:35:37 GMT
      Content-Type:
      - application/json
      Transfer-Encoding:
      - chunked
      Connection:
      - keep-alive
      Set-Cookie:
      - __cfduid=dca1e22488a4d7074e9e2abd61693108a1569612937; expires=Sat, 26-Sep-20
        19:35:37 GMT; path=/; domain=.nsone.net; HttpOnly
      X-Ratelimit-Remaining:
      - '818'
      Etag:
      - W/"7c0f445df04c6f363447240242bcaf709ef6a0ea"
      X-Ratelimit-By:
      - customer
      X-Ratelimit-Limit:
      - '900'
      X-Ratelimit-Period:
      - '300'
      Pragma:
      - no-cache
      Cache-Control:
      - no-cache
      - private, max-age=0, no-cache, no-store
      Expires:
      - '0'
      X-Xss-Protection:
      - 1; mode=block
      X-Content-Type-Options:
      - nosniff
      X-Frame-Options:
      - SAMEORIGIN
      Strict-Transport-Security:
      - max-age=63072000; includeSubdomains; preload
      Expect-Ct:
      - max-age=604800, report-uri="https://report-uri.cloudflare.com/cdn-cgi/beacon/expect-ct"
      Server:
      - cloudflare
      Cf-Ray:
      - 51cfebfa3e17302e-YYZ
    body:
      encoding: ASCII-8BIT
      string: '{"domain":"one_of_these_should_remain.test.recordstore.io","zone":"test.recordstore.io","use_client_subnet":true,"answers":[{"answer":["10.10.10.42"],"id":"5d8e6488bbccf90001d23dac"},{"answer":["10.10.10.43"],"id":"5d8e6489c94a9000018f6759"}],"id":"5d8e6488bbccf90001d23dad","regions":{},"meta":{},"link":null,"filters":[],"ttl":600,"tier":1,"type":"A","networks":[0]}

        '
    http_version: 
  recorded_at: Fri, 27 Sep 2019 19:35:37 GMT
- request:
    method: post
    uri: https://api.nsone.net/v1/zones/test.recordstore.io/one_of_these_should_remain.test.recordstore.io/A
    body:
      encoding: UTF-8
      string: '{"answers":[{"answer":["10.10.10.42"],"id":"5d8e6488bbccf90001d23dac"}]}'
    headers:
      X-Nsone-Key:
      - "<NS1_API_KEY>"
      Content-Type:
      - application/json
      Accept-Encoding:
      - gzip;q=1.0,deflate;q=0.6,identity;q=0.3
      Accept:
      - "*/*"
      User-Agent:
      - Ruby
  response:
    status:
      code: 200
      message: OK
    headers:
      Date:
      - Fri, 27 Sep 2019 19:35:37 GMT
      Content-Type:
      - application/json
      Transfer-Encoding:
      - chunked
      Connection:
      - keep-alive
      Set-Cookie:
      - __cfduid=d74cf6ae700a4fae972dfbb9610f662491569612937; expires=Sat, 26-Sep-20
        19:35:37 GMT; path=/; domain=.nsone.net; HttpOnly
      X-Ratelimit-Remaining:
      - '298'
      X-Ratelimit-By:
      - customer
      X-Ratelimit-Limit:
      - '300'
      X-Ratelimit-Period:
      - '300'
      Pragma:
      - no-cache
      Cache-Control:
      - no-cache
      - private, max-age=0, no-cache, no-store
      Expires:
      - '0'
      X-Xss-Protection:
      - 1; mode=block
      X-Content-Type-Options:
      - nosniff
      X-Frame-Options:
      - SAMEORIGIN
      Strict-Transport-Security:
      - max-age=63072000; includeSubdomains; preload
      Expect-Ct:
      - max-age=604800, report-uri="https://report-uri.cloudflare.com/cdn-cgi/beacon/expect-ct"
      Server:
      - cloudflare
      Cf-Ray:
      - 51cfebfaea4acac4-YYZ
    body:
      encoding: ASCII-8BIT
      string: '{"domain":"one_of_these_should_remain.test.recordstore.io","zone":"test.recordstore.io","use_client_subnet":true,"answers":[{"answer":["10.10.10.42"],"id":"5d8e6488bbccf90001d23dac"}],"id":"5d8e6488bbccf90001d23dad","regions":{},"meta":{},"link":null,"filters":[],"ttl":600,"tier":1,"type":"A","networks":[0]}

        '
    http_version: 
  recorded_at: Fri, 27 Sep 2019 19:35:37 GMT
- request:
    method: get
    uri: https://api.nsone.net/v1/zones/test.recordstore.io
    body:
      encoding: US-ASCII
      string: ''
    headers:
      X-Nsone-Key:
      - "<NS1_API_KEY>"
      Accept-Encoding:
      - gzip;q=1.0,deflate;q=0.6,identity;q=0.3
      Accept:
      - "*/*"
      User-Agent:
      - Ruby
  response:
    status:
      code: 200
      message: OK
    headers:
      Date:
      - Fri, 27 Sep 2019 19:35:38 GMT
      Content-Type:
      - application/json
      Transfer-Encoding:
      - chunked
      Connection:
      - keep-alive
      Set-Cookie:
      - __cfduid=db89b9b081717109e4f342ee123028a461569612937; expires=Sat, 26-Sep-20
        19:35:37 GMT; path=/; domain=.nsone.net; HttpOnly
      X-Ratelimit-Remaining:
      - '819'
      Etag:
      - W/"ba9c3a9d1626b7b86468fd3a3fab2ccf05f95a9f"
      X-Ratelimit-By:
      - customer
      X-Ratelimit-Limit:
      - '900'
      X-Ratelimit-Period:
      - '300'
      Pragma:
      - no-cache
      Cache-Control:
      - no-cache
      - private, max-age=0, no-cache, no-store
      Expires:
      - '0'
      X-Xss-Protection:
      - 1; mode=block
      X-Content-Type-Options:
      - nosniff
      X-Frame-Options:
      - SAMEORIGIN
      Strict-Transport-Security:
      - max-age=63072000; includeSubdomains; preload
      Expect-Ct:
      - max-age=604800, report-uri="https://report-uri.cloudflare.com/cdn-cgi/beacon/expect-ct"
      Server:
      - cloudflare
      Cf-Ray:
      - 51cfebfce9daab7c-YYZ
    body:
      encoding: ASCII-8BIT
      string: '{"nx_ttl":3600,"retry":7200,"dnssec":false,"zone":"test.recordstore.io","network_pools":["p06"],"serial":1569612937,"primary":{"enabled":false,"secondaries":[]},"refresh":43200,"expiry":1209600,"dns_servers":["dns1.p06.nsone.net","dns2.p06.nsone.net","dns3.p06.nsone.net","dns4.p06.nsone.net"],"records":[{"domain":"one_of_these_should_remain.test.recordstore.io","short_answers":["10.10.10.42"],"link":null,"ttl":600,"tier":1,"type":"A","id":"5d8e6488bbccf90001d23dad"},{"domain":"test.recordstore.io","short_answers":["dns1.p06.nsone.net","dns2.p06.nsone.net","dns3.p06.nsone.net","dns4.p06.nsone.net"],"ttl":3600,"tier":1,"type":"NS","id":"5d8e645ebbccf900017fc8d7"},{"domain":"test_add_a.test.recordstore.io","short_answers":["10.10.10.1"],"link":null,"ttl":600,"tier":1,"type":"A","id":"5d8e6472c94a9000015aa02d"},{"domain":"test_add_alias.test.recordstore.io","short_answers":["10.10.10.1."],"link":null,"ttl":600,"tier":1,"type":"ALIAS","id":"5d8e646b403d5d0001f2ddb3"},{"domain":"test_add_alias.test.recordstore.io","short_answers":["test.recordstore.io."],"link":null,"ttl":600,"tier":1,"type":"CNAME","id":"5d8e646fc94a90000193a28f"},{"domain":"test_add_changeset.test.recordstore.io","short_answers":["10.10.10.42"],"link":null,"ttl":600,"tier":1,"type":"A","id":"5d8e6469f2abd00001fbac8b"},{"domain":"test_add_multiple_changesets.test.recordstore.io","short_answers":["10.10.10.42","10.10.10.43"],"link":null,"ttl":600,"tier":1,"type":"A","id":"5d8e646af2abd00001cbd87a"},{"domain":"test_add_mx.test.recordstore.io","short_answers":["10
        mxa.mailgun.org."],"link":null,"ttl":600,"tier":1,"type":"MX","id":"5d8e6468f2abd00001be2429"},{"domain":"test_add_ns.test.recordstore.io","short_answers":["test.recordstore.io."],"link":null,"ttl":600,"tier":1,"type":"NS","id":"5d8e6467f2abd0000195e864"},{"domain":"test_add_spf.test.recordstore.io","short_answers":["Hello
        World!"],"link":null,"ttl":600,"tier":1,"type":"SPF","id":"5d8e646ebbccf90001226c59"},{"domain":"test_add_spf.test.recordstore.io","short_answers":["1
        2 3 spf.shopify.com."],"link":null,"ttl":600,"tier":1,"type":"SRV","id":"5d8e6483403d5d0001ca4779"},{"domain":"test_add_txt.test.recordstore.io","short_answers":["Hello
        World!"],"link":null,"ttl":600,"tier":1,"type":"TXT","id":"5d8e6486403d5d0001273612"},{"domain":"test_update_changeset.test.recordstore.io","short_answers":["10.10.10.49"],"link":null,"ttl":600,"tier":1,"type":"A","id":"5d8e6474bbccf90001d23d8b"},{"domain":"test_update_changeset_multiples.test.recordstore.io","short_answers":["10.10.10.50","10.10.10.48","10.10.10.49"],"link":null,"ttl":600,"tier":1,"type":"A","id":"5d8e6479f2abd00001cbd892"}],"meta":{},"link":null,"primary_master":"dns1.p06.nsone.net","ttl":3600,"id":"5d8e645ebbccf900017fc8d2","hostmaster":"hostmaster@nsone.net","networks":[0],"pool":"p06"}

        '
    http_version: 
  recorded_at: Fri, 27 Sep 2019 19:35:38 GMT
- request:
    method: get
    uri: https://api.nsone.net/v1/zones/test.recordstore.io/one_of_these_should_remain.test.recordstore.io/A
    body:
      encoding: US-ASCII
      string: ''
    headers:
      X-Nsone-Key:
      - "<NS1_API_KEY>"
      Accept-Encoding:
      - gzip;q=1.0,deflate;q=0.6,identity;q=0.3
      Accept:
      - "*/*"
      User-Agent:
      - Ruby
  response:
    status:
      code: 200
      message: OK
    headers:
      Date:
      - Fri, 27 Sep 2019 19:35:39 GMT
      Content-Type:
      - application/json
      Transfer-Encoding:
      - chunked
      Connection:
      - keep-alive
      Set-Cookie:
      - __cfduid=d1ca5012f9acdd0ee7ae356d21ea8eaa41569612938; expires=Sat, 26-Sep-20
        19:35:38 GMT; path=/; domain=.nsone.net; HttpOnly
      X-Ratelimit-Remaining:
      - '821'
      Etag:
      - W/"b8c42efb06e6ac49eb1411305a9dfa157f7f7c5e"
      X-Ratelimit-By:
      - customer
      X-Ratelimit-Limit:
      - '900'
      X-Ratelimit-Period:
      - '300'
      Pragma:
      - no-cache
      Cache-Control:
      - no-cache
      - private, max-age=0, no-cache, no-store
      Expires:
      - '0'
      X-Xss-Protection:
      - 1; mode=block
      X-Content-Type-Options:
      - nosniff
      X-Frame-Options:
      - SAMEORIGIN
      Strict-Transport-Security:
      - max-age=63072000; includeSubdomains; preload
      Expect-Ct:
      - max-age=604800, report-uri="https://report-uri.cloudflare.com/cdn-cgi/beacon/expect-ct"
      Server:
      - cloudflare
      Cf-Ray:
      - 51cfec02ebb4ab76-YYZ
    body:
      encoding: ASCII-8BIT
      string: '{"domain":"one_of_these_should_remain.test.recordstore.io","zone":"test.recordstore.io","use_client_subnet":true,"answers":[{"answer":["10.10.10.42"],"id":"5d8e6488bbccf90001d23dac"}],"id":"5d8e6488bbccf90001d23dad","regions":{},"meta":{},"link":null,"filters":[],"ttl":600,"tier":1,"type":"A","networks":[0]}

        '
    http_version: 
  recorded_at: Fri, 27 Sep 2019 19:35:39 GMT
- request:
    method: get
    uri: https://api.nsone.net/v1/zones/test.recordstore.io/test.recordstore.io/NS
    body:
      encoding: US-ASCII
      string: ''
    headers:
      X-Nsone-Key:
      - "<NS1_API_KEY>"
      Accept-Encoding:
      - gzip;q=1.0,deflate;q=0.6,identity;q=0.3
      Accept:
      - "*/*"
      User-Agent:
      - Ruby
  response:
    status:
      code: 200
      message: OK
    headers:
      Date:
      - Fri, 27 Sep 2019 19:35:39 GMT
      Content-Type:
      - application/json
      Transfer-Encoding:
      - chunked
      Connection:
      - keep-alive
      Set-Cookie:
      - __cfduid=d5b159be68bb3c2200b272ff82d17387e1569612939; expires=Sat, 26-Sep-20
        19:35:39 GMT; path=/; domain=.nsone.net; HttpOnly
      X-Ratelimit-Remaining:
      - '821'
      Etag:
      - W/"24ea05f6e837ad6ab64a20c47c293d89092f831b"
      X-Ratelimit-By:
      - customer
      X-Ratelimit-Limit:
      - '900'
      X-Ratelimit-Period:
      - '300'
      Pragma:
      - no-cache
      Cache-Control:
      - no-cache
      - private, max-age=0, no-cache, no-store
      Expires:
      - '0'
      X-Xss-Protection:
      - 1; mode=block
      X-Content-Type-Options:
      - nosniff
      X-Frame-Options:
      - SAMEORIGIN
      Strict-Transport-Security:
      - max-age=63072000; includeSubdomains; preload
      Expect-Ct:
      - max-age=604800, report-uri="https://report-uri.cloudflare.com/cdn-cgi/beacon/expect-ct"
      Server:
      - cloudflare
      Cf-Ray:
      - 51cfec069b49caa8-YYZ
    body:
      encoding: ASCII-8BIT
      string: '{"domain":"test.recordstore.io","zone":"test.recordstore.io","use_client_subnet":false,"answers":[{"answer":["dns1.p06.nsone.net"],"meta":{},"id":"5d8e645ebbccf900017fc8d3"},{"answer":["dns2.p06.nsone.net"],"meta":{},"id":"5d8e645ebbccf900017fc8d4"},{"answer":["dns3.p06.nsone.net"],"meta":{},"id":"5d8e645ebbccf900017fc8d5"},{"answer":["dns4.p06.nsone.net"],"meta":{},"id":"5d8e645ebbccf900017fc8d6"}],"id":"5d8e645ebbccf900017fc8d7","regions":{},"meta":{},"filters":[],"ttl":3600,"tier":1,"feeds":[],"type":"NS","networks":[0]}

        '
    http_version: 
  recorded_at: Fri, 27 Sep 2019 19:35:39 GMT
- request:
    method: get
    uri: https://api.nsone.net/v1/zones/test.recordstore.io/test_add_a.test.recordstore.io/A
    body:
      encoding: US-ASCII
      string: ''
    headers:
      X-Nsone-Key:
      - "<NS1_API_KEY>"
      Accept-Encoding:
      - gzip;q=1.0,deflate;q=0.6,identity;q=0.3
      Accept:
      - "*/*"
      User-Agent:
      - Ruby
  response:
    status:
      code: 200
      message: OK
    headers:
      Date:
      - Fri, 27 Sep 2019 19:35:39 GMT
      Content-Type:
      - application/json
      Transfer-Encoding:
      - chunked
      Connection:
      - keep-alive
      Set-Cookie:
      - __cfduid=d5b159be68bb3c2200b272ff82d17387e1569612939; expires=Sat, 26-Sep-20
        19:35:39 GMT; path=/; domain=.nsone.net; HttpOnly
      X-Ratelimit-Remaining:
      - '821'
      Etag:
      - W/"1128012514642c0e4c10237699d1cf1e6674c81e"
      X-Ratelimit-By:
      - customer
      X-Ratelimit-Limit:
      - '900'
      X-Ratelimit-Period:
      - '300'
      Pragma:
      - no-cache
      Cache-Control:
      - no-cache
      - private, max-age=0, no-cache, no-store
      Expires:
      - '0'
      X-Xss-Protection:
      - 1; mode=block
      X-Content-Type-Options:
      - nosniff
      X-Frame-Options:
      - SAMEORIGIN
      Strict-Transport-Security:
      - max-age=63072000; includeSubdomains; preload
      Expect-Ct:
      - max-age=604800, report-uri="https://report-uri.cloudflare.com/cdn-cgi/beacon/expect-ct"
      Server:
      - cloudflare
      Cf-Ray:
      - 51cfec075cf7caa8-YYZ
    body:
      encoding: ASCII-8BIT
      string: '{"domain":"test_add_a.test.recordstore.io","zone":"test.recordstore.io","use_client_subnet":true,"answers":[{"answer":["10.10.10.1"],"id":"5d8e6472c94a9000015aa02c"}],"id":"5d8e6472c94a9000015aa02d","regions":{},"meta":{},"link":null,"filters":[],"ttl":600,"tier":1,"type":"A","networks":[0]}

        '
    http_version: 
  recorded_at: Fri, 27 Sep 2019 19:35:39 GMT
- request:
    method: get
    uri: https://api.nsone.net/v1/zones/test.recordstore.io/test_add_alias.test.recordstore.io/ALIAS
    body:
      encoding: US-ASCII
      string: ''
    headers:
      X-Nsone-Key:
      - "<NS1_API_KEY>"
      Accept-Encoding:
      - gzip;q=1.0,deflate;q=0.6,identity;q=0.3
      Accept:
      - "*/*"
      User-Agent:
      - Ruby
  response:
    status:
      code: 200
      message: OK
    headers:
      Date:
      - Fri, 27 Sep 2019 19:35:39 GMT
      Content-Type:
      - application/json
      Transfer-Encoding:
      - chunked
      Connection:
      - keep-alive
      Set-Cookie:
      - __cfduid=d58a7400539c36c3b84b6aae1bd7e9ab91569612939; expires=Sat, 26-Sep-20
        19:35:39 GMT; path=/; domain=.nsone.net; HttpOnly
      X-Ratelimit-Remaining:
      - '820'
      Etag:
      - W/"95a3c5df8c7662488967826e11f086c768875fa6"
      X-Ratelimit-By:
      - customer
      X-Ratelimit-Limit:
      - '900'
      X-Ratelimit-Period:
      - '300'
      Pragma:
      - no-cache
      Cache-Control:
      - no-cache
      - private, max-age=0, no-cache, no-store
      Expires:
      - '0'
      X-Xss-Protection:
      - 1; mode=block
      X-Content-Type-Options:
      - nosniff
      X-Frame-Options:
      - SAMEORIGIN
      Strict-Transport-Security:
      - max-age=63072000; includeSubdomains; preload
      Expect-Ct:
      - max-age=604800, report-uri="https://report-uri.cloudflare.com/cdn-cgi/beacon/expect-ct"
      Server:
      - cloudflare
      Cf-Ray:
      - 51cfec084c8cab52-YYZ
    body:
      encoding: ASCII-8BIT
      string: '{"domain":"test_add_alias.test.recordstore.io","zone":"test.recordstore.io","use_client_subnet":true,"answers":[{"answer":["10.10.10.1."],"id":"5d8e646b403d5d0001f2ddb2"}],"id":"5d8e646b403d5d0001f2ddb3","regions":{},"meta":{},"link":null,"filters":[],"ttl":600,"tier":1,"type":"ALIAS","networks":[0]}

        '
    http_version: 
  recorded_at: Fri, 27 Sep 2019 19:35:39 GMT
- request:
    method: get
    uri: https://api.nsone.net/v1/zones/test.recordstore.io/test_add_alias.test.recordstore.io/CNAME
    body:
      encoding: US-ASCII
      string: ''
    headers:
      X-Nsone-Key:
      - "<NS1_API_KEY>"
      Accept-Encoding:
      - gzip;q=1.0,deflate;q=0.6,identity;q=0.3
      Accept:
      - "*/*"
      User-Agent:
      - Ruby
  response:
    status:
      code: 200
      message: OK
    headers:
      Date:
      - Fri, 27 Sep 2019 19:35:40 GMT
      Content-Type:
      - application/json
      Transfer-Encoding:
      - chunked
      Connection:
      - keep-alive
      Set-Cookie:
      - __cfduid=d4391313997da491b1b720c0d4eb505f01569612939; expires=Sat, 26-Sep-20
        19:35:39 GMT; path=/; domain=.nsone.net; HttpOnly
      X-Ratelimit-Remaining:
      - '820'
      Etag:
      - W/"562b472f1c91a881d63b8cc029408528ca1f9881"
      X-Ratelimit-By:
      - customer
      X-Ratelimit-Limit:
      - '900'
      X-Ratelimit-Period:
      - '300'
      Pragma:
      - no-cache
      Cache-Control:
      - no-cache
      - private, max-age=0, no-cache, no-store
      Expires:
      - '0'
      X-Xss-Protection:
      - 1; mode=block
      X-Content-Type-Options:
      - nosniff
      X-Frame-Options:
      - SAMEORIGIN
      Strict-Transport-Security:
      - max-age=63072000; includeSubdomains; preload
      Expect-Ct:
      - max-age=604800, report-uri="https://report-uri.cloudflare.com/cdn-cgi/beacon/expect-ct"
      Server:
      - cloudflare
      Cf-Ray:
      - 51cfec08f882ab3a-YYZ
    body:
      encoding: ASCII-8BIT
      string: '{"domain":"test_add_alias.test.recordstore.io","zone":"test.recordstore.io","use_client_subnet":true,"answers":[{"answer":["test.recordstore.io."],"id":"5d8e646fc94a90000193a28e"}],"id":"5d8e646fc94a90000193a28f","regions":{},"meta":{},"link":null,"filters":[],"ttl":600,"tier":1,"type":"CNAME","networks":[0]}

        '
    http_version: 
  recorded_at: Fri, 27 Sep 2019 19:35:40 GMT
- request:
    method: get
    uri: https://api.nsone.net/v1/zones/test.recordstore.io/test_add_changeset.test.recordstore.io/A
    body:
      encoding: US-ASCII
      string: ''
    headers:
      X-Nsone-Key:
      - "<NS1_API_KEY>"
      Accept-Encoding:
      - gzip;q=1.0,deflate;q=0.6,identity;q=0.3
      Accept:
      - "*/*"
      User-Agent:
      - Ruby
  response:
    status:
      code: 200
      message: OK
    headers:
      Date:
      - Fri, 27 Sep 2019 19:35:40 GMT
      Content-Type:
      - application/json
      Transfer-Encoding:
      - chunked
      Connection:
      - keep-alive
      Set-Cookie:
      - __cfduid=d4882e86314d881128451c14735fca07c1569612940; expires=Sat, 26-Sep-20
        19:35:40 GMT; path=/; domain=.nsone.net; HttpOnly
      X-Ratelimit-Remaining:
      - '820'
      Etag:
      - W/"9ebaec7437a110d0b448aad78007e1b0fd670947"
      X-Ratelimit-By:
      - customer
      X-Ratelimit-Limit:
      - '900'
      X-Ratelimit-Period:
      - '300'
      Pragma:
      - no-cache
      Cache-Control:
      - no-cache
      - private, max-age=0, no-cache, no-store
      Expires:
      - '0'
      X-Xss-Protection:
      - 1; mode=block
      X-Content-Type-Options:
      - nosniff
      X-Frame-Options:
      - SAMEORIGIN
      Strict-Transport-Security:
      - max-age=63072000; includeSubdomains; preload
      Expect-Ct:
      - max-age=604800, report-uri="https://report-uri.cloudflare.com/cdn-cgi/beacon/expect-ct"
      Server:
      - cloudflare
      Cf-Ray:
      - 51cfec0c5802cabc-YYZ
    body:
      encoding: ASCII-8BIT
      string: '{"domain":"test_add_changeset.test.recordstore.io","zone":"test.recordstore.io","use_client_subnet":true,"answers":[{"answer":["10.10.10.42"],"id":"5d8e6469f2abd00001fbac8a"}],"id":"5d8e6469f2abd00001fbac8b","regions":{},"meta":{},"link":null,"filters":[],"ttl":600,"tier":1,"type":"A","networks":[0]}

        '
    http_version: 
  recorded_at: Fri, 27 Sep 2019 19:35:40 GMT
- request:
    method: get
    uri: https://api.nsone.net/v1/zones/test.recordstore.io/test_add_multiple_changesets.test.recordstore.io/A
    body:
      encoding: US-ASCII
      string: ''
    headers:
      X-Nsone-Key:
      - "<NS1_API_KEY>"
      Accept-Encoding:
      - gzip;q=1.0,deflate;q=0.6,identity;q=0.3
      Accept:
      - "*/*"
      User-Agent:
      - Ruby
  response:
    status:
      code: 200
      message: OK
    headers:
      Date:
      - Fri, 27 Sep 2019 19:35:40 GMT
      Content-Type:
      - application/json
      Transfer-Encoding:
      - chunked
      Connection:
      - keep-alive
      Set-Cookie:
      - __cfduid=d9e8dbfffe223f27363fa21e928d680f91569612940; expires=Sat, 26-Sep-20
        19:35:40 GMT; path=/; domain=.nsone.net; HttpOnly
      X-Ratelimit-Remaining:
      - '819'
      Etag:
      - W/"2e566816fcff075c6f471e6c9398b9c23cc49601"
      X-Ratelimit-By:
      - customer
      X-Ratelimit-Limit:
      - '900'
      X-Ratelimit-Period:
      - '300'
      Pragma:
      - no-cache
      Cache-Control:
      - no-cache
      - private, max-age=0, no-cache, no-store
      Expires:
      - '0'
      X-Xss-Protection:
      - 1; mode=block
      X-Content-Type-Options:
      - nosniff
      X-Frame-Options:
      - SAMEORIGIN
      Strict-Transport-Security:
      - max-age=63072000; includeSubdomains; preload
      Expect-Ct:
      - max-age=604800, report-uri="https://report-uri.cloudflare.com/cdn-cgi/beacon/expect-ct"
      Server:
      - cloudflare
      Cf-Ray:
      - 51cfec0d1f74ab6a-YYZ
    body:
      encoding: ASCII-8BIT
      string: '{"domain":"test_add_multiple_changesets.test.recordstore.io","zone":"test.recordstore.io","use_client_subnet":true,"answers":[{"answer":["10.10.10.42"],"id":"5d8e646af2abd00001cbd879"},{"answer":["10.10.10.43"],"id":"5d8e646ac9c79d0001dfa36e"}],"id":"5d8e646af2abd00001cbd87a","regions":{},"meta":{},"link":null,"filters":[],"ttl":600,"tier":1,"type":"A","networks":[0]}

        '
    http_version: 
  recorded_at: Fri, 27 Sep 2019 19:35:40 GMT
- request:
    method: get
    uri: https://api.nsone.net/v1/zones/test.recordstore.io/test_add_mx.test.recordstore.io/MX
    body:
      encoding: US-ASCII
      string: ''
    headers:
      X-Nsone-Key:
      - "<NS1_API_KEY>"
      Accept-Encoding:
      - gzip;q=1.0,deflate;q=0.6,identity;q=0.3
      Accept:
      - "*/*"
      User-Agent:
      - Ruby
  response:
    status:
      code: 200
      message: OK
    headers:
      Date:
      - Fri, 27 Sep 2019 19:35:40 GMT
      Content-Type:
      - application/json
      Transfer-Encoding:
      - chunked
      Connection:
      - keep-alive
      Set-Cookie:
      - __cfduid=d5ba2dd3030ef0a6af5e06c90741936d41569612940; expires=Sat, 26-Sep-20
        19:35:40 GMT; path=/; domain=.nsone.net; HttpOnly
      X-Ratelimit-Remaining:
      - '819'
      Etag:
      - W/"2de58e4ae1143e75181c7cbc231f81f2f770137d"
      X-Ratelimit-By:
      - customer
      X-Ratelimit-Limit:
      - '900'
      X-Ratelimit-Period:
      - '300'
      Pragma:
      - no-cache
      Cache-Control:
      - no-cache
      - private, max-age=0, no-cache, no-store
      Expires:
      - '0'
      X-Xss-Protection:
      - 1; mode=block
      X-Content-Type-Options:
      - nosniff
      X-Frame-Options:
      - SAMEORIGIN
      Strict-Transport-Security:
      - max-age=63072000; includeSubdomains; preload
      Expect-Ct:
      - max-age=604800, report-uri="https://report-uri.cloudflare.com/cdn-cgi/beacon/expect-ct"
      Server:
      - cloudflare
      Cf-Ray:
      - 51cfec0e0edecaac-YYZ
    body:
      encoding: ASCII-8BIT
      string: '{"domain":"test_add_mx.test.recordstore.io","zone":"test.recordstore.io","use_client_subnet":true,"answers":[{"answer":[10,"mxa.mailgun.org."],"id":"5d8e6468f2abd00001be2428"}],"id":"5d8e6468f2abd00001be2429","regions":{},"meta":{},"link":null,"filters":[],"ttl":600,"tier":1,"type":"MX","networks":[0]}

        '
    http_version: 
  recorded_at: Fri, 27 Sep 2019 19:35:40 GMT
- request:
    method: get
    uri: https://api.nsone.net/v1/zones/test.recordstore.io/test_add_ns.test.recordstore.io/NS
    body:
      encoding: US-ASCII
      string: ''
    headers:
      X-Nsone-Key:
      - "<NS1_API_KEY>"
      Accept-Encoding:
      - gzip;q=1.0,deflate;q=0.6,identity;q=0.3
      Accept:
      - "*/*"
      User-Agent:
      - Ruby
  response:
    status:
      code: 200
      message: OK
    headers:
      Date:
      - Fri, 27 Sep 2019 19:35:40 GMT
      Content-Type:
      - application/json
      Transfer-Encoding:
      - chunked
      Connection:
      - keep-alive
      Set-Cookie:
      - __cfduid=db9b39d73f863d2605bd52c15a9e5232c1569612940; expires=Sat, 26-Sep-20
        19:35:40 GMT; path=/; domain=.nsone.net; HttpOnly
      X-Ratelimit-Remaining:
      - '818'
      Etag:
      - W/"d443b9e616ec660900420de4a42c7b25657dbc88"
      X-Ratelimit-By:
      - customer
      X-Ratelimit-Limit:
      - '900'
      X-Ratelimit-Period:
      - '300'
      Pragma:
      - no-cache
      Cache-Control:
      - no-cache
      - private, max-age=0, no-cache, no-store
      Expires:
      - '0'
      X-Xss-Protection:
      - 1; mode=block
      X-Content-Type-Options:
      - nosniff
      X-Frame-Options:
      - SAMEORIGIN
      Strict-Transport-Security:
      - max-age=63072000; includeSubdomains; preload
      Expect-Ct:
      - max-age=604800, report-uri="https://report-uri.cloudflare.com/cdn-cgi/beacon/expect-ct"
      Server:
      - cloudflare
      Cf-Ray:
      - 51cfec0ec94cab52-YYZ
    body:
      encoding: ASCII-8BIT
      string: '{"domain":"test_add_ns.test.recordstore.io","zone":"test.recordstore.io","use_client_subnet":true,"answers":[{"answer":["test.recordstore.io."],"id":"5d8e6467f2abd0000195e863"}],"id":"5d8e6467f2abd0000195e864","regions":{},"meta":{},"link":null,"filters":[],"ttl":600,"tier":1,"type":"NS","networks":[0]}

        '
    http_version: 
  recorded_at: Fri, 27 Sep 2019 19:35:40 GMT
- request:
    method: get
    uri: https://api.nsone.net/v1/zones/test.recordstore.io/test_add_spf.test.recordstore.io/SPF
    body:
      encoding: US-ASCII
      string: ''
    headers:
      X-Nsone-Key:
      - "<NS1_API_KEY>"
      Accept-Encoding:
      - gzip;q=1.0,deflate;q=0.6,identity;q=0.3
      Accept:
      - "*/*"
      User-Agent:
      - Ruby
  response:
    status:
      code: 200
      message: OK
    headers:
      Date:
      - Fri, 27 Sep 2019 19:35:40 GMT
      Content-Type:
      - application/json
      Transfer-Encoding:
      - chunked
      Connection:
      - keep-alive
      Set-Cookie:
      - __cfduid=ddb9c34ec72c1b6e73945b4f9298d33d21569612940; expires=Sat, 26-Sep-20
        19:35:40 GMT; path=/; domain=.nsone.net; HttpOnly
      X-Ratelimit-Remaining:
      - '818'
      Etag:
      - W/"6077e97e723d1cda982661c137a85d27c4a7df94"
      X-Ratelimit-By:
      - customer
      X-Ratelimit-Limit:
      - '900'
      X-Ratelimit-Period:
      - '300'
      Pragma:
      - no-cache
      Cache-Control:
      - no-cache
      - private, max-age=0, no-cache, no-store
      Expires:
      - '0'
      X-Xss-Protection:
      - 1; mode=block
      X-Content-Type-Options:
      - nosniff
      X-Frame-Options:
      - SAMEORIGIN
      Strict-Transport-Security:
      - max-age=63072000; includeSubdomains; preload
      Expect-Ct:
      - max-age=604800, report-uri="https://report-uri.cloudflare.com/cdn-cgi/beacon/expect-ct"
      Server:
      - cloudflare
      Cf-Ray:
      - 51cfec0f9eb8cab4-YYZ
    body:
      encoding: ASCII-8BIT
      string: '{"domain":"test_add_spf.test.recordstore.io","zone":"test.recordstore.io","use_client_subnet":true,"answers":[{"answer":["Hello
        World!"],"id":"5d8e646ebbccf90001226c58"}],"id":"5d8e646ebbccf90001226c59","regions":{},"meta":{},"link":null,"filters":[],"ttl":600,"tier":1,"type":"SPF","networks":[0]}

        '
    http_version: 
  recorded_at: Fri, 27 Sep 2019 19:35:40 GMT
- request:
    method: get
    uri: https://api.nsone.net/v1/zones/test.recordstore.io/test_add_spf.test.recordstore.io/SRV
    body:
      encoding: US-ASCII
      string: ''
    headers:
      X-Nsone-Key:
      - "<NS1_API_KEY>"
      Accept-Encoding:
      - gzip;q=1.0,deflate;q=0.6,identity;q=0.3
      Accept:
      - "*/*"
      User-Agent:
      - Ruby
  response:
    status:
      code: 200
      message: OK
    headers:
      Date:
      - Fri, 27 Sep 2019 19:35:40 GMT
      Content-Type:
      - application/json
      Transfer-Encoding:
      - chunked
      Connection:
      - keep-alive
      Set-Cookie:
      - __cfduid=dd646400da31e1db0a7ab3cd0f77eccd51569612940; expires=Sat, 26-Sep-20
        19:35:40 GMT; path=/; domain=.nsone.net; HttpOnly
      X-Ratelimit-Remaining:
      - '817'
      Etag:
      - W/"b8fb5277d187d19c3c5b3633e67659a8076998c6"
      X-Ratelimit-By:
      - customer
      X-Ratelimit-Limit:
      - '900'
      X-Ratelimit-Period:
      - '300'
      Pragma:
      - no-cache
      Cache-Control:
      - no-cache
      - private, max-age=0, no-cache, no-store
      Expires:
      - '0'
      X-Xss-Protection:
      - 1; mode=block
      X-Content-Type-Options:
      - nosniff
      X-Frame-Options:
      - SAMEORIGIN
      Strict-Transport-Security:
      - max-age=63072000; includeSubdomains; preload
      Expect-Ct:
      - max-age=604800, report-uri="https://report-uri.cloudflare.com/cdn-cgi/beacon/expect-ct"
      Server:
      - cloudflare
      Cf-Ray:
      - 51cfec10691327c6-YYZ
    body:
      encoding: ASCII-8BIT
      string: '{"domain":"test_add_spf.test.recordstore.io","zone":"test.recordstore.io","use_client_subnet":true,"answers":[{"answer":[1,2,3,"spf.shopify.com."],"id":"5d8e6483403d5d0001ca4778"}],"id":"5d8e6483403d5d0001ca4779","regions":{},"meta":{},"link":null,"filters":[],"ttl":600,"tier":1,"type":"SRV","networks":[0]}

        '
    http_version: 
  recorded_at: Fri, 27 Sep 2019 19:35:40 GMT
- request:
    method: get
    uri: https://api.nsone.net/v1/zones/test.recordstore.io/test_add_txt.test.recordstore.io/TXT
    body:
      encoding: US-ASCII
      string: ''
    headers:
      X-Nsone-Key:
      - "<NS1_API_KEY>"
      Accept-Encoding:
      - gzip;q=1.0,deflate;q=0.6,identity;q=0.3
      Accept:
      - "*/*"
      User-Agent:
      - Ruby
  response:
    status:
      code: 200
      message: OK
    headers:
      Date:
      - Fri, 27 Sep 2019 19:35:43 GMT
      Content-Type:
      - application/json
      Transfer-Encoding:
      - chunked
      Connection:
      - keep-alive
      Set-Cookie:
      - __cfduid=d82218a3a069e900954b06bba559d6ed81569612941; expires=Sat, 26-Sep-20
        19:35:41 GMT; path=/; domain=.nsone.net; HttpOnly
      X-Ratelimit-Remaining:
      - '824'
      Etag:
      - W/"2bc3543ea046bd95194f04464ce5d34acdbca01e"
      X-Ratelimit-By:
      - customer
      X-Ratelimit-Limit:
      - '900'
      X-Ratelimit-Period:
      - '300'
      Pragma:
      - no-cache
      Cache-Control:
      - no-cache
      - private, max-age=0, no-cache, no-store
      Expires:
      - '0'
      X-Xss-Protection:
      - 1; mode=block
      X-Content-Type-Options:
      - nosniff
      X-Frame-Options:
      - SAMEORIGIN
      Strict-Transport-Security:
      - max-age=63072000; includeSubdomains; preload
      Expect-Ct:
      - max-age=604800, report-uri="https://report-uri.cloudflare.com/cdn-cgi/beacon/expect-ct"
      Server:
      - cloudflare
      Cf-Ray:
      - 51cfec115f42caac-YYZ
    body:
      encoding: ASCII-8BIT
      string: '{"domain":"test_add_txt.test.recordstore.io","zone":"test.recordstore.io","use_client_subnet":true,"answers":[{"answer":["Hello
        World!"],"id":"5d8e6486403d5d0001273611"}],"id":"5d8e6486403d5d0001273612","regions":{},"meta":{},"link":null,"filters":[],"ttl":600,"tier":1,"type":"TXT","networks":[0]}

        '
    http_version: 
  recorded_at: Fri, 27 Sep 2019 19:35:43 GMT
- request:
    method: get
    uri: https://api.nsone.net/v1/zones/test.recordstore.io/test_update_changeset.test.recordstore.io/A
    body:
      encoding: US-ASCII
      string: ''
    headers:
      X-Nsone-Key:
      - "<NS1_API_KEY>"
      Accept-Encoding:
      - gzip;q=1.0,deflate;q=0.6,identity;q=0.3
      Accept:
      - "*/*"
      User-Agent:
      - Ruby
  response:
    status:
      code: 200
      message: OK
    headers:
      Date:
      - Fri, 27 Sep 2019 19:35:43 GMT
      Content-Type:
      - application/json
      Transfer-Encoding:
      - chunked
      Connection:
      - keep-alive
      Set-Cookie:
      - __cfduid=d4ef45f94e9172ecd9cb3d8c065a82ff61569612943; expires=Sat, 26-Sep-20
        19:35:43 GMT; path=/; domain=.nsone.net; HttpOnly
      X-Ratelimit-Remaining:
      - '823'
      Etag:
      - W/"b78f849eac84522e0804ae962e50926c89669d58"
      X-Ratelimit-By:
      - customer
      X-Ratelimit-Limit:
      - '900'
      X-Ratelimit-Period:
      - '300'
      Pragma:
      - no-cache
      Cache-Control:
      - no-cache
      - private, max-age=0, no-cache, no-store
      Expires:
      - '0'
      X-Xss-Protection:
      - 1; mode=block
      X-Content-Type-Options:
      - nosniff
      X-Frame-Options:
      - SAMEORIGIN
      Strict-Transport-Security:
      - max-age=63072000; includeSubdomains; preload
      Expect-Ct:
      - max-age=604800, report-uri="https://report-uri.cloudflare.com/cdn-cgi/beacon/expect-ct"
      Server:
      - cloudflare
      Cf-Ray:
      - 51cfec219af8cabc-YYZ
    body:
      encoding: ASCII-8BIT
      string: '{"domain":"test_update_changeset.test.recordstore.io","zone":"test.recordstore.io","use_client_subnet":true,"answers":[{"answer":["10.10.10.49"],"id":"5d8e6474bbccf90001d23d8a"}],"id":"5d8e6474bbccf90001d23d8b","regions":{},"meta":{},"link":null,"filters":[],"ttl":600,"tier":1,"type":"A","networks":[0]}

        '
    http_version: 
  recorded_at: Fri, 27 Sep 2019 19:35:43 GMT
- request:
    method: get
    uri: https://api.nsone.net/v1/zones/test.recordstore.io/test_update_changeset_multiples.test.recordstore.io/A
    body:
      encoding: US-ASCII
      string: ''
    headers:
      X-Nsone-Key:
      - "<NS1_API_KEY>"
      Accept-Encoding:
      - gzip;q=1.0,deflate;q=0.6,identity;q=0.3
      Accept:
      - "*/*"
      User-Agent:
      - Ruby
  response:
    status:
      code: 200
      message: OK
    headers:
      Date:
      - Fri, 27 Sep 2019 19:35:43 GMT
      Content-Type:
      - application/json
      Transfer-Encoding:
      - chunked
      Connection:
      - keep-alive
      Set-Cookie:
      - __cfduid=d03ed5ba3054ce651960f54bd8df0e8021569612943; expires=Sat, 26-Sep-20
        19:35:43 GMT; path=/; domain=.nsone.net; HttpOnly
      X-Ratelimit-Remaining:
      - '823'
      Etag:
      - W/"3ba6c3d8d3c13a82b5b42e7b9aebf685a552ea5c"
      X-Ratelimit-By:
      - customer
      X-Ratelimit-Limit:
      - '900'
      X-Ratelimit-Period:
      - '300'
      Pragma:
      - no-cache
      Cache-Control:
      - no-cache
      - private, max-age=0, no-cache, no-store
      Expires:
      - '0'
      X-Xss-Protection:
      - 1; mode=block
      X-Content-Type-Options:
      - nosniff
      X-Frame-Options:
      - SAMEORIGIN
      Strict-Transport-Security:
      - max-age=63072000; includeSubdomains; preload
      Expect-Ct:
      - max-age=604800, report-uri="https://report-uri.cloudflare.com/cdn-cgi/beacon/expect-ct"
      Server:
      - cloudflare
      Cf-Ray:
      - 51cfec227eedcab8-YYZ
    body:
      encoding: ASCII-8BIT
      string: '{"domain":"test_update_changeset_multiples.test.recordstore.io","zone":"test.recordstore.io","use_client_subnet":true,"answers":[{"answer":["10.10.10.50"],"id":"5d8e6479f2abd00001cbd891"},{"answer":["10.10.10.48"],"id":"5d8e6479bbccf90001fb9bee"},{"answer":["10.10.10.49"],"id":"5d8e647ac94a90000193a2a4"}],"id":"5d8e6479f2abd00001cbd892","regions":{},"meta":{},"link":null,"filters":[],"ttl":600,"tier":1,"type":"A","networks":[0]}

        '
    http_version: 
  recorded_at: Fri, 27 Sep 2019 19:35:43 GMT
recorded_with: VCR 4.0.0
