---
http_interactions:
- request:
    method: get
    uri: https://api.nsone.net/v1/monitoring/regions
    body:
      encoding: US-ASCII
      string: ''
    headers:
      Accept-Encoding:
      - gzip;q=1.0,deflate;q=0.6,identity;q=0.3
      Accept:
      - "*/*"
      User-Agent:
      - Ruby
      X-Nsone-Key:
      - "<NS1_API_KEY>"
  response:
    status:
      code: 200
      message: OK
    headers:
      Date:
      - Fri, 08 Nov 2019 14:32:00 GMT
      Content-Type:
      - application/json
      Transfer-Encoding:
      - chunked
      Connection:
      - keep-alive
      Set-Cookie:
      - __cfduid=d6df21042e258427cb1057208f71caa221573223520; expires=Sat, 07-Nov-20
        14:32:00 GMT; path=/; domain=.nsone.net; HttpOnly
      X-Ratelimit-Remaining:
      - '815'
      Etag:
      - W/"b230bb083a76eeefc5985ad97c0c8e9188ba2eb4"
      X-Ratelimit-By:
      - customer
      X-Ratelimit-Limit:
      - '900'
      X-Ratelimit-Period:
      - '300'
      Pragma:
      - no-cache
      Cache-Control:
      - no-cache
      - private, max-age=0, no-cache, no-store
      Expires:
      - '0'
      X-Xss-Protection:
      - 1; mode=block
      X-Content-Type-Options:
      - nosniff
      X-Frame-Options:
      - SAMEORIGIN
      Strict-Transport-Security:
      - max-age=63072000; includeSubdomains; preload
      Cf-Cache-Status:
      - DYNAMIC
      Expect-Ct:
      - max-age=604800, report-uri="https://report-uri.cloudflare.com/cdn-cgi/beacon/expect-ct"
      Server:
      - cloudflare
      Cf-Ray:
      - 532840f99c4e27d2-YYZ
    body:
      encoding: ASCII-8BIT
      string: '[{"subnets":["209.177.156.77/32","163.114.225.0/24","2620:4d:4031::/48"],"code":"dal","name":"Dallas"},{"subnets":["209.58.164.15/32","2001:df1:800:a103:6751::124/128","163.114.227.0/24","2620:4d:4034::/48"],"code":"sin","name":"Singapore"},{"subnets":["147.75.68.120/29","163.114.226.0/24","2620:4d:4030::/48"],"code":"sjc","name":"San
        Jose"},{"subnets":["147.75.66.200/29","163.114.224.0/24","2620:4d:4032::/48"],"code":"lga","name":"New
        York"},{"subnets":["147.75.80.32/29","163.114.228.0/24","2620:4d:4033::/48"],"code":"ams","name":"Amsterdam"}]

        '
    http_version: 
  recorded_at: Fri, 08 Nov 2019 14:32:00 GMT
- request:
    method: get
    uri: https://api.nsone.net/v1/zones/test.recordstore.io/test_add_multiple_changesets.test.recordstore.io/A
    body:
      encoding: US-ASCII
      string: ''
    headers:
      X-Nsone-Key:
      - "<NS1_API_KEY>"
      Accept-Encoding:
      - gzip;q=1.0,deflate;q=0.6,identity;q=0.3
      Accept:
      - "*/*"
      User-Agent:
      - Ruby
  response:
    status:
      code: 404
      message: Not Found
    headers:
      Date:
      - Fri, 08 Nov 2019 14:32:00 GMT
      Content-Type:
      - application/json
      Content-Length:
      - '31'
      Connection:
      - keep-alive
      Set-Cookie:
      - __cfduid=dfd7808f42624ca842269ee24a69c62031573223520; expires=Sat, 07-Nov-20
        14:32:00 GMT; path=/; domain=.nsone.net; HttpOnly
      X-Ratelimit-Remaining:
      - '815'
      X-Ratelimit-By:
      - customer
      X-Ratelimit-Limit:
      - '900'
      X-Ratelimit-Period:
      - '300'
      Pragma:
      - no-cache
      Cache-Control:
      - no-cache
      Expires:
      - '0'
      Cf-Cache-Status:
      - DYNAMIC
      Expect-Ct:
      - max-age=604800, report-uri="https://report-uri.cloudflare.com/cdn-cgi/beacon/expect-ct"
      Server:
      - cloudflare
      Cf-Ray:
      - 532840fa7f69ab94-YYZ
    body:
      encoding: UTF-8
      string: '{"message":"record not found"}

        '
    http_version: 
  recorded_at: Fri, 08 Nov 2019 14:32:00 GMT
- request:
    method: put
    uri: https://api.nsone.net/v1/zones/test.recordstore.io/test_add_multiple_changesets.test.recordstore.io/A
    body:
      encoding: UTF-8
      string: '{"answers":[{"answer":["10.10.10.42"]}],"ttl":600,"zone":"test.recordstore.io","domain":"test_add_multiple_changesets.test.recordstore.io","type":"A"}'
    headers:
      X-Nsone-Key:
      - "<NS1_API_KEY>"
      Content-Type:
      - application/json
      Accept-Encoding:
      - gzip;q=1.0,deflate;q=0.6,identity;q=0.3
      Accept:
      - "*/*"
      User-Agent:
      - Ruby
  response:
    status:
      code: 200
      message: OK
    headers:
      Date:
      - Fri, 08 Nov 2019 14:32:00 GMT
      Content-Type:
      - application/json
      Transfer-Encoding:
      - chunked
      Connection:
      - keep-alive
      Set-Cookie:
      - __cfduid=da558f48ab64aff07697806428f14c8af1573223520; expires=Sat, 07-Nov-20
        14:32:00 GMT; path=/; domain=.nsone.net; HttpOnly
      X-Ratelimit-Remaining:
      - '99'
      X-Ratelimit-By:
      - customer
      X-Ratelimit-Limit:
      - '100'
      X-Ratelimit-Period:
      - '200'
      Pragma:
      - no-cache
      Cache-Control:
      - no-cache
      - private, max-age=0, no-cache, no-store
      Expires:
      - '0'
      X-Xss-Protection:
      - 1; mode=block
      X-Content-Type-Options:
      - nosniff
      X-Frame-Options:
      - SAMEORIGIN
      Strict-Transport-Security:
      - max-age=63072000; includeSubdomains; preload
      Cf-Cache-Status:
      - DYNAMIC
      Expect-Ct:
      - max-age=604800, report-uri="https://report-uri.cloudflare.com/cdn-cgi/beacon/expect-ct"
      Server:
      - cloudflare
      Cf-Ray:
      - 532840fb6bba3016-YYZ
    body:
      encoding: ASCII-8BIT
      string: '{"domain":"test_add_multiple_changesets.test.recordstore.io","zone":"test.recordstore.io","use_client_subnet":true,"answers":[{"answer":["10.10.10.42"],"id":"5dc57c60403d5d0001293533"}],"id":"5dc57c60403d5d0001293534","regions":{},"meta":{},"link":null,"filters":[],"ttl":600,"tier":1,"type":"A","networks":[0]}

        '
    http_version: 
  recorded_at: Fri, 08 Nov 2019 14:32:00 GMT
- request:
    method: get
    uri: https://api.nsone.net/v1/monitoring/regions
    body:
      encoding: US-ASCII
      string: ''
    headers:
      Accept-Encoding:
      - gzip;q=1.0,deflate;q=0.6,identity;q=0.3
      Accept:
      - "*/*"
      User-Agent:
      - Ruby
      X-Nsone-Key:
      - "<NS1_API_KEY>"
  response:
    status:
      code: 200
      message: OK
    headers:
      Date:
      - Fri, 08 Nov 2019 14:32:00 GMT
      Content-Type:
      - application/json
      Transfer-Encoding:
      - chunked
      Connection:
      - keep-alive
      Set-Cookie:
      - __cfduid=dfd7808f42624ca842269ee24a69c62031573223520; expires=Sat, 07-Nov-20
        14:32:00 GMT; path=/; domain=.nsone.net; HttpOnly
      X-Ratelimit-Remaining:
      - '815'
      Etag:
      - W/"b230bb083a76eeefc5985ad97c0c8e9188ba2eb4"
      X-Ratelimit-By:
      - customer
      X-Ratelimit-Limit:
      - '900'
      X-Ratelimit-Period:
      - '300'
      Pragma:
      - no-cache
      Cache-Control:
      - no-cache
      - private, max-age=0, no-cache, no-store
      Expires:
      - '0'
      X-Xss-Protection:
      - 1; mode=block
      X-Content-Type-Options:
      - nosniff
      X-Frame-Options:
      - SAMEORIGIN
      Strict-Transport-Security:
      - max-age=63072000; includeSubdomains; preload
      Cf-Cache-Status:
      - DYNAMIC
      Expect-Ct:
      - max-age=604800, report-uri="https://report-uri.cloudflare.com/cdn-cgi/beacon/expect-ct"
      Server:
      - cloudflare
      Cf-Ray:
      - 532840fd7a83ab94-YYZ
    body:
      encoding: ASCII-8BIT
      string: '[{"subnets":["209.177.156.77/32","163.114.225.0/24","2620:4d:4031::/48"],"code":"dal","name":"Dallas"},{"subnets":["209.58.164.15/32","2001:df1:800:a103:6751::124/128","163.114.227.0/24","2620:4d:4034::/48"],"code":"sin","name":"Singapore"},{"subnets":["147.75.68.120/29","163.114.226.0/24","2620:4d:4030::/48"],"code":"sjc","name":"San
        Jose"},{"subnets":["147.75.66.200/29","163.114.224.0/24","2620:4d:4032::/48"],"code":"lga","name":"New
        York"},{"subnets":["147.75.80.32/29","163.114.228.0/24","2620:4d:4033::/48"],"code":"ams","name":"Amsterdam"}]

        '
    http_version: 
  recorded_at: Fri, 08 Nov 2019 14:32:00 GMT
- request:
    method: get
    uri: https://api.nsone.net/v1/zones/test.recordstore.io/test_add_multiple_changesets.test.recordstore.io/A
    body:
      encoding: US-ASCII
      string: ''
    headers:
      X-Nsone-Key:
      - "<NS1_API_KEY>"
      Accept-Encoding:
      - gzip;q=1.0,deflate;q=0.6,identity;q=0.3
      Accept:
      - "*/*"
      User-Agent:
      - Ruby
  response:
    status:
      code: 200
      message: OK
    headers:
      Date:
      - Fri, 08 Nov 2019 14:32:01 GMT
      Content-Type:
      - application/json
      Transfer-Encoding:
      - chunked
      Connection:
      - keep-alive
      Set-Cookie:
      - __cfduid=daea15b70fdacb38a68029ec4b9eacd671573223521; expires=Sat, 07-Nov-20
        14:32:01 GMT; path=/; domain=.nsone.net; HttpOnly
      X-Ratelimit-Remaining:
      - '815'
      Etag:
      - W/"ce7501c88c5fc5e5e26458a5f4cc31e0ba2a4bf6"
      X-Ratelimit-By:
      - customer
      X-Ratelimit-Limit:
      - '900'
      X-Ratelimit-Period:
      - '300'
      Pragma:
      - no-cache
      Cache-Control:
      - no-cache
      - private, max-age=0, no-cache, no-store
      Expires:
      - '0'
      X-Xss-Protection:
      - 1; mode=block
      X-Content-Type-Options:
      - nosniff
      X-Frame-Options:
      - SAMEORIGIN
      Strict-Transport-Security:
      - max-age=63072000; includeSubdomains; preload
      Cf-Cache-Status:
      - DYNAMIC
      Expect-Ct:
      - max-age=604800, report-uri="https://report-uri.cloudflare.com/cdn-cgi/beacon/expect-ct"
      Server:
      - cloudflare
      Cf-Ray:
      - 532840fe5817caa4-YYZ
    body:
      encoding: ASCII-8BIT
      string: '{"domain":"test_add_multiple_changesets.test.recordstore.io","zone":"test.recordstore.io","use_client_subnet":true,"answers":[{"answer":["10.10.10.42"],"id":"5dc57c60403d5d0001293533"}],"id":"5dc57c60403d5d0001293534","regions":{},"meta":{},"link":null,"filters":[],"ttl":600,"tier":1,"type":"A","networks":[0]}

        '
    http_version: 
  recorded_at: Fri, 08 Nov 2019 14:32:01 GMT
- request:
    method: post
    uri: https://api.nsone.net/v1/zones/test.recordstore.io/test_add_multiple_changesets.test.recordstore.io/A
    body:
      encoding: UTF-8
      string: '{"answers":[{"answer":["10.10.10.42"],"id":"5dc57c60403d5d0001293533"},{"answer":["10.10.10.43"]}],"ttl":600}'
    headers:
      X-Nsone-Key:
      - "<NS1_API_KEY>"
      Content-Type:
      - application/json
      Accept-Encoding:
      - gzip;q=1.0,deflate;q=0.6,identity;q=0.3
      Accept:
      - "*/*"
      User-Agent:
      - Ruby
  response:
    status:
      code: 200
      message: OK
    headers:
      Date:
      - Fri, 08 Nov 2019 14:32:01 GMT
      Content-Type:
      - application/json
      Transfer-Encoding:
      - chunked
      Connection:
      - keep-alive
      Set-Cookie:
      - __cfduid=d3c033020f6ac87f5da7fa8ec6ce00efb1573223521; expires=Sat, 07-Nov-20
        14:32:01 GMT; path=/; domain=.nsone.net; HttpOnly
      X-Ratelimit-Remaining:
      - '299'
      X-Ratelimit-By:
      - customer
      X-Ratelimit-Limit:
      - '300'
      X-Ratelimit-Period:
      - '300'
      Pragma:
      - no-cache
      Cache-Control:
      - no-cache
      - private, max-age=0, no-cache, no-store
      Expires:
      - '0'
      X-Xss-Protection:
      - 1; mode=block
      X-Content-Type-Options:
      - nosniff
      X-Frame-Options:
      - SAMEORIGIN
      Strict-Transport-Security:
      - max-age=63072000; includeSubdomains; preload
      Cf-Cache-Status:
      - DYNAMIC
      Expect-Ct:
      - max-age=604800, report-uri="https://report-uri.cloudflare.com/cdn-cgi/beacon/expect-ct"
      Server:
      - cloudflare
      Cf-Ray:
      - 532840ff3ed0ab3a-YYZ
    body:
      encoding: ASCII-8BIT
      string: '{"domain":"test_add_multiple_changesets.test.recordstore.io","zone":"test.recordstore.io","use_client_subnet":true,"answers":[{"answer":["10.10.10.42"],"id":"5dc57c60403d5d0001293533"},{"answer":["10.10.10.43"],"id":"5dc57c61bbccf90001368979"}],"id":"5dc57c60403d5d0001293534","regions":{},"meta":{},"link":null,"filters":[],"ttl":600,"tier":1,"type":"A","networks":[0]}

        '
    http_version: 
  recorded_at: Fri, 08 Nov 2019 14:32:01 GMT
recorded_with: VCR 5.0.0
