---
http_interactions:
- request:
    method: patch
    uri: https://dns.<ORACLE_CLOUD_DNS_REGION>.oraclecloud.com/20180115/zones/test.recordstore.io/records
    body:
      encoding: UTF-8
      string: '{"items":[{"domain":"one_of_these_should_remain.test.recordstore.io.","rdata":"20.20.20.20","rtype":"A","ttl":600,"operation":"ADD"}]}'
    headers:
      Accept-Encoding:
      - gzip;q=1.0,deflate;q=0.6,identity;q=0.3
      Accept:
      - application/json
      Content-Type:
      - application/json
      Date:
      - Thu, 17 Oct 2019 19:34:55 GMT
      Content-Length:
      - '134'
      X-Content-Sha256:
      - l3pWeFH40Q4IV0x/p5hYmWPHMrYYjw81tpA+dPgpK7Y=
      Authorization:
      - Signature headers="date (request-target) host content-length content-type
        x-content-sha256",keyId="<ORACLE_CLOUD_DNS_COMPARTMENT_ID>/<ORACLE_CLOUD_DNS_USER>/<ORACLE_CLOUD_DNS_FINGERPRINT>",algorithm="rsa-sha256",signature="cgTh1ioQU5znnrJlUvkjEpPhqaKdHn+XUYk24YbzhCwXePfOXLMQWbD+AW25zAYg5FCCrdrpcjgAIeGeWhJQB6Hn89SskDMPUZMYhuXtgC6vTSo7lu62DgUmJ2fGzS7UKOVuVtAMvVLPBsxdOa9lS9cLVA4xBd2hwHpOuH6GXWCxi54flzWwgFCUSdunYWPks8Z51USub0wPM1Gg4OP4i7UNYxEezyNeOG9jdPKU/4m7tGibwyMjcFFg6V19Yny5o+4PxkNlB5NOiN6s8+PEEhbAf/4Gs+jDAfJGGgnyqGf2I1nCg5g3AvTdmSEe2XcgFlfZKY60lpIVnTNW0ubG8Q==",version="1"
      Opc-Client-Info:
      - Oracle-RubySDK/2.6.0
      Opc-Request-Id:
      - 56872296D947438096C2386916C5F949
  response:
    status:
      code: 200
      message: OK
    headers:
      Date:
      - Thu, 17 Oct 2019 19:35:00 GMT
      Content-Type:
      - application/json
      Content-Length:
      - '4637'
      Connection:
      - keep-alive
      Opc-Request-Id:
      - 56872296D947438096C2386916C5F949/B79D6D7AAECF431B9387448E798D0EB8/B0052B2EC2F3408CBC2FACE2A1D6D78A
      Etag:
      - '"651ocid1.dns-zone.oc1..ebe870ae24e5440ca314fba2383551cf#application/json"'
      Opc-Total-Items:
      - '24'
    body:
      encoding: UTF-8
      string: '{"items":[{"domain":"one_of_these_should_remain.test.recordstore.io","recordHash":"3153836c43e27b679201633d1007bf65","isProtected":false,"rdata":"20.20.20.20","rrsetVersion":"651","rtype":"A","ttl":600},{"domain":"test.recordstore.io","recordHash":"310c67902c922a120f57be281f18cbbf","isProtected":true,"rdata":"ns4.p68.dns.oraclecloud.net.","rrsetVersion":"1","rtype":"NS","ttl":86400},{"domain":"test.recordstore.io","recordHash":"3cd20f2c5f00d5d32490ed469d5bdfca","isProtected":true,"rdata":"ns1.p68.dns.oraclecloud.net.
        hostmaster.test.recordstore.io. 651 3600 600 604800 1800","rrsetVersion":"651","rtype":"SOA","ttl":300},{"domain":"test.recordstore.io","recordHash":"4c2fa92cd5f92000ca884da52cab98a3","isProtected":true,"rdata":"ns1.p68.dns.oraclecloud.net.","rrsetVersion":"1","rtype":"NS","ttl":86400},{"domain":"test.recordstore.io","recordHash":"9ad655bf964bdd3bab3bd00e8a85ca3a","isProtected":true,"rdata":"ns2.p68.dns.oraclecloud.net.","rrsetVersion":"1","rtype":"NS","ttl":86400},{"domain":"test.recordstore.io","recordHash":"a233c1ceab46c9e4e04f82910297b6ed","isProtected":true,"rdata":"ns3.p68.dns.oraclecloud.net.","rrsetVersion":"1","rtype":"NS","ttl":86400},{"domain":"test_add_a.test.recordstore.io","recordHash":"be15e9b06c54272d90b79843a017382c","isProtected":false,"rdata":"10.10.10.1","rrsetVersion":"634","rtype":"A","ttl":600},{"domain":"test_add_alias.test.recordstore.io","recordHash":"14b59fe0495c7e289fb1fe5b6b4d262c","isProtected":false,"rdata":"recordstore.com.","rrsetVersion":"648","rtype":"ALIAS","ttl":600},{"domain":"test_add_caa.test.recordstore.io","recordHash":"7ed4fb48e23f82b37a365fde24fcf2de","isProtected":false,"rdata":"0
        issue \"shopify.com\"","rrsetVersion":"635","rtype":"CAA","ttl":600},{"domain":"test_add_changeset.test.recordstore.io","recordHash":"32cb338273b00668dd007e8eb4c92f3d","isProtected":false,"rdata":"10.10.10.42","rrsetVersion":"643","rtype":"A","ttl":600},{"domain":"test_add_cname.test.recordstore.io","recordHash":"319f0644572fe2dead9970acb0732271","isProtected":false,"rdata":"test.recordstore.io.","rrsetVersion":"646","rtype":"CNAME","ttl":600},{"domain":"test_add_multiple_changesets.test.recordstore.io","recordHash":"4f317640ca5af17d3239c5659aa20d49","isProtected":false,"rdata":"10.10.10.65","rrsetVersion":"629","rtype":"A","ttl":1200},{"domain":"test_add_multiple_changesets.test.recordstore.io","recordHash":"706d2dbc88f60cab4725aad899a8c2bb","isProtected":false,"rdata":"10.10.10.70","rrsetVersion":"629","rtype":"A","ttl":1200},{"domain":"test_add_mx.test.recordstore.io","recordHash":"ee70a2c453293978ad791978e226d57d","isProtected":false,"rdata":"10
        mxa.mailgun.org.","rrsetVersion":"649","rtype":"MX","ttl":600},{"domain":"test_add_ns.test.recordstore.io","recordHash":"31fc460a0652837f2f2c29a8be6e004c","isProtected":false,"rdata":"ns_test.p68.dns.oraclecloud.net.","rrsetVersion":"632","rtype":"NS","ttl":600},{"domain":"test_add_spf.test.recordstore.io","recordHash":"6fe2b1badcc6efaa141a0c4ab8898f57","isProtected":false,"rdata":"1
        2 3 spf.shopify.com.","rrsetVersion":"623","rtype":"SRV","ttl":600},{"domain":"test_add_spf.test.recordstore.io","recordHash":"98ccd1a06645015e86d50041e28c24db","isProtected":false,"rdata":"\"Hello
        World!\"","rrsetVersion":"647","rtype":"SPF","ttl":600},{"domain":"test_add_txt.test.recordstore.io","recordHash":"b6d2d31bb74e1a21fe8873aa3e347e5d","isProtected":false,"rdata":"\"Hello
        World!\"","rrsetVersion":"633","rtype":"TXT","ttl":600},{"domain":"test_update_changeset.test.recordstore.io","recordHash":"d9238c9b1e5579379826b62cf5b02d3a","isProtected":false,"rdata":"10.10.10.49","rrsetVersion":"637","rtype":"A","ttl":600},{"domain":"test_update_changeset_multiples.test.recordstore.io","recordHash":"14dab618590978ce04599dd26fcd476f","isProtected":false,"rdata":"10.10.10.50","rrsetVersion":"627","rtype":"A","ttl":600},{"domain":"test_update_changeset_multiples.test.recordstore.io","recordHash":"327dbef10c792ffe7190bb496046a610","isProtected":false,"rdata":"10.10.10.48","rrsetVersion":"627","rtype":"A","ttl":600},{"domain":"test_update_changeset_multiples.test.recordstore.io","recordHash":"7983b58ae60754a7459a69e32690de35","isProtected":false,"rdata":"10.10.10.49","rrsetVersion":"627","rtype":"A","ttl":600},{"domain":"test_update_changeset_where_domain_doesnt_exist.test.recordstore.io","recordHash":"d018e1aa7b534a50d31f53885150fdab","isProtected":false,"rdata":"10.10.10.49","rrsetVersion":"640","rtype":"A","ttl":600},{"domain":"test_updating_ttl.test.recordstore.io","recordHash":"a7f57df731fa53b1c4e1ba08e1129cda","isProtected":false,"rdata":"10.10.10.1","rrsetVersion":"631","rtype":"A","ttl":10}]}

        '
    http_version: 
  recorded_at: Thu, 17 Oct 2019 19:35:00 GMT
- request:
    method: patch
    uri: https://dns.<ORACLE_CLOUD_DNS_REGION>.oraclecloud.com/20180115/zones/test.recordstore.io/records
    body:
      encoding: UTF-8
      string: '{"items":[{"domain":"one_of_these_should_remain.test.recordstore.io.","rdata":"30.30.30.30","rtype":"A","ttl":600,"operation":"ADD"}]}'
    headers:
      Accept-Encoding:
      - gzip;q=1.0,deflate;q=0.6,identity;q=0.3
      Accept:
      - application/json
      Content-Type:
      - application/json
      Date:
      - Thu, 17 Oct 2019 19:35:00 GMT
      Content-Length:
      - '134'
      X-Content-Sha256:
      - b0cLIAOaIWaPUV6UdMia112/EMsteTqHXFeongcAB/0=
      Authorization:
      - Signature headers="date (request-target) host content-length content-type
        x-content-sha256",keyId="<ORACLE_CLOUD_DNS_COMPARTMENT_ID>/<ORACLE_CLOUD_DNS_USER>/<ORACLE_CLOUD_DNS_FINGERPRINT>",algorithm="rsa-sha256",signature="dB8lfDEHw7DQvRofxGbr/I+D5mH1SMU0mZzKf4NjiPe9g0DtLj5/rzOyHYF98lv2QSNn9FE3xK628XtaWUFqIzI0WUA81uosAySlbY6s5CPOgh3zjvUJdLdgZEwuhUTzJ9RPLfWPkV3J8Ik5YYQg3EqoYuyOEIV1kQKCE/FFdSm3Nu+If5zf4+/ZX8tuSdATPz+zO7EZiHSkKzBkXUsRD1aulOaDeq8rQRe51pJaTcYAEVb1wIZNmnCm0YjwnMbd8JA4EMkJbG94DbWcVEVEkILc+N8+jKwoPJlX9dsikQa8pLO9gViLmULJmXYQArye7fqm5GqZC9h2vP8m/dI2Ag==",version="1"
      Opc-Client-Info:
      - Oracle-RubySDK/2.6.0
      Opc-Request-Id:
      - B78A1CB4AF9E460BB4C1B42B7CE84174
  response:
    status:
      code: 200
      message: OK
    headers:
      Date:
      - Thu, 17 Oct 2019 19:35:02 GMT
      Content-Type:
      - application/json
      Content-Length:
      - '4830'
      Connection:
      - keep-alive
      Opc-Request-Id:
      - B78A1CB4AF9E460BB4C1B42B7CE84174/04CBE0EF2B684754985F944EEB121ABF/D6EF7CF33BC14DEF9294423FA3E65223
      Etag:
      - '"652ocid1.dns-zone.oc1..ebe870ae24e5440ca314fba2383551cf#application/json"'
      Opc-Total-Items:
      - '25'
    body:
      encoding: UTF-8
      string: '{"items":[{"domain":"one_of_these_should_remain.test.recordstore.io","recordHash":"3153836c43e27b679201633d1007bf65","isProtected":false,"rdata":"20.20.20.20","rrsetVersion":"652","rtype":"A","ttl":600},{"domain":"one_of_these_should_remain.test.recordstore.io","recordHash":"e395278b536714c7d4a2b4c74e042b04","isProtected":false,"rdata":"30.30.30.30","rrsetVersion":"652","rtype":"A","ttl":600},{"domain":"test.recordstore.io","recordHash":"310c67902c922a120f57be281f18cbbf","isProtected":true,"rdata":"ns4.p68.dns.oraclecloud.net.","rrsetVersion":"1","rtype":"NS","ttl":86400},{"domain":"test.recordstore.io","recordHash":"3cd20f2c5f00d5d32490ed469d5bdfca","isProtected":true,"rdata":"ns1.p68.dns.oraclecloud.net.
        hostmaster.test.recordstore.io. 652 3600 600 604800 1800","rrsetVersion":"652","rtype":"SOA","ttl":300},{"domain":"test.recordstore.io","recordHash":"4c2fa92cd5f92000ca884da52cab98a3","isProtected":true,"rdata":"ns1.p68.dns.oraclecloud.net.","rrsetVersion":"1","rtype":"NS","ttl":86400},{"domain":"test.recordstore.io","recordHash":"9ad655bf964bdd3bab3bd00e8a85ca3a","isProtected":true,"rdata":"ns2.p68.dns.oraclecloud.net.","rrsetVersion":"1","rtype":"NS","ttl":86400},{"domain":"test.recordstore.io","recordHash":"a233c1ceab46c9e4e04f82910297b6ed","isProtected":true,"rdata":"ns3.p68.dns.oraclecloud.net.","rrsetVersion":"1","rtype":"NS","ttl":86400},{"domain":"test_add_a.test.recordstore.io","recordHash":"be15e9b06c54272d90b79843a017382c","isProtected":false,"rdata":"10.10.10.1","rrsetVersion":"634","rtype":"A","ttl":600},{"domain":"test_add_alias.test.recordstore.io","recordHash":"14b59fe0495c7e289fb1fe5b6b4d262c","isProtected":false,"rdata":"recordstore.com.","rrsetVersion":"648","rtype":"ALIAS","ttl":600},{"domain":"test_add_caa.test.recordstore.io","recordHash":"7ed4fb48e23f82b37a365fde24fcf2de","isProtected":false,"rdata":"0
        issue \"shopify.com\"","rrsetVersion":"635","rtype":"CAA","ttl":600},{"domain":"test_add_changeset.test.recordstore.io","recordHash":"32cb338273b00668dd007e8eb4c92f3d","isProtected":false,"rdata":"10.10.10.42","rrsetVersion":"643","rtype":"A","ttl":600},{"domain":"test_add_cname.test.recordstore.io","recordHash":"319f0644572fe2dead9970acb0732271","isProtected":false,"rdata":"test.recordstore.io.","rrsetVersion":"646","rtype":"CNAME","ttl":600},{"domain":"test_add_multiple_changesets.test.recordstore.io","recordHash":"4f317640ca5af17d3239c5659aa20d49","isProtected":false,"rdata":"10.10.10.65","rrsetVersion":"629","rtype":"A","ttl":1200},{"domain":"test_add_multiple_changesets.test.recordstore.io","recordHash":"706d2dbc88f60cab4725aad899a8c2bb","isProtected":false,"rdata":"10.10.10.70","rrsetVersion":"629","rtype":"A","ttl":1200},{"domain":"test_add_mx.test.recordstore.io","recordHash":"ee70a2c453293978ad791978e226d57d","isProtected":false,"rdata":"10
        mxa.mailgun.org.","rrsetVersion":"649","rtype":"MX","ttl":600},{"domain":"test_add_ns.test.recordstore.io","recordHash":"31fc460a0652837f2f2c29a8be6e004c","isProtected":false,"rdata":"ns_test.p68.dns.oraclecloud.net.","rrsetVersion":"632","rtype":"NS","ttl":600},{"domain":"test_add_spf.test.recordstore.io","recordHash":"6fe2b1badcc6efaa141a0c4ab8898f57","isProtected":false,"rdata":"1
        2 3 spf.shopify.com.","rrsetVersion":"623","rtype":"SRV","ttl":600},{"domain":"test_add_spf.test.recordstore.io","recordHash":"98ccd1a06645015e86d50041e28c24db","isProtected":false,"rdata":"\"Hello
        World!\"","rrsetVersion":"647","rtype":"SPF","ttl":600},{"domain":"test_add_txt.test.recordstore.io","recordHash":"b6d2d31bb74e1a21fe8873aa3e347e5d","isProtected":false,"rdata":"\"Hello
        World!\"","rrsetVersion":"633","rtype":"TXT","ttl":600},{"domain":"test_update_changeset.test.recordstore.io","recordHash":"d9238c9b1e5579379826b62cf5b02d3a","isProtected":false,"rdata":"10.10.10.49","rrsetVersion":"637","rtype":"A","ttl":600},{"domain":"test_update_changeset_multiples.test.recordstore.io","recordHash":"14dab618590978ce04599dd26fcd476f","isProtected":false,"rdata":"10.10.10.50","rrsetVersion":"627","rtype":"A","ttl":600},{"domain":"test_update_changeset_multiples.test.recordstore.io","recordHash":"327dbef10c792ffe7190bb496046a610","isProtected":false,"rdata":"10.10.10.48","rrsetVersion":"627","rtype":"A","ttl":600},{"domain":"test_update_changeset_multiples.test.recordstore.io","recordHash":"7983b58ae60754a7459a69e32690de35","isProtected":false,"rdata":"10.10.10.49","rrsetVersion":"627","rtype":"A","ttl":600},{"domain":"test_update_changeset_where_domain_doesnt_exist.test.recordstore.io","recordHash":"d018e1aa7b534a50d31f53885150fdab","isProtected":false,"rdata":"10.10.10.49","rrsetVersion":"640","rtype":"A","ttl":600},{"domain":"test_updating_ttl.test.recordstore.io","recordHash":"a7f57df731fa53b1c4e1ba08e1129cda","isProtected":false,"rdata":"10.10.10.1","rrsetVersion":"631","rtype":"A","ttl":10}]}

        '
    http_version: 
  recorded_at: Thu, 17 Oct 2019 19:35:02 GMT
- request:
    method: get
    uri: https://dns.<ORACLE_CLOUD_DNS_REGION>.oraclecloud.com/20180115/zones/test.recordstore.io
    body:
      encoding: US-ASCII
      string: ''
    headers:
      Accept-Encoding:
      - gzip;q=1.0,deflate;q=0.6,identity;q=0.3
      Accept:
      - application/json
      Content-Type:
      - application/json
      Date:
      - Thu, 17 Oct 2019 19:35:02 GMT
      Authorization:
      - Signature headers="date (request-target) host",keyId="<ORACLE_CLOUD_DNS_COMPARTMENT_ID>/<ORACLE_CLOUD_DNS_USER>/<ORACLE_CLOUD_DNS_FINGERPRINT>",algorithm="rsa-sha256",signature="a1C/+06HOkV5EmDCFQ7MjVIVuKa1XaJzQD+f16t9KfpLT8XZpw+wQzcM53ClE6f2PyOae486FNs1LGjYE1eabwGQxUML6zvCK4INMCN+yXd1niqK8y2JlKfxLLStS3aIlPp6TqQVszXFdaEX59lVbxq7bZgYh5ZYtGRFR1HfluXTMBCYMw+ODThgOqwrUwz5GgaQvDrGzrTCOXsKNagQdP5OyBIig8fV0D4RnfBY3ADJl7J2bOAe9pJK0bCr/KTU+h4wEsug7IYQ61oTAZvgKzouqkbbFZmLg8ZJQ0j4W2DRngtyOdpwJzv0tORQnSwC7dJrjK+6PHV6G5kGoJQ/5Q==",version="1"
      Opc-Client-Info:
      - Oracle-RubySDK/2.6.0
      Opc-Request-Id:
      - 98CA904A5A124132A2429E395FD0CA87
  response:
    status:
      code: 200
      message: OK
    headers:
      Date:
      - Thu, 17 Oct 2019 19:35:04 GMT
      Content-Type:
      - application/json
      Content-Length:
      - '357'
      Connection:
      - keep-alive
      Opc-Request-Id:
      - 98CA904A5A124132A2429E395FD0CA87/528D8B1C2FF04E569BBCA953A1C72067/4C7F6EF9361E4C1CA56C19F32C5F2518
      Etag:
      - '"652ocid1.dns-zone.oc1..ebe870ae24e5440ca314fba2383551cf<ORACLE_CLOUD_DNS_COMPARTMENT_ID>164374825086dc65cd5dc548c248f61328b5d668#application/json--gzip"'
      Vary:
      - Accept-Encoding
    body:
      encoding: ASCII-8BIT
      string: '{"zoneType":"PRIMARY","name":"test.recordstore.io","externalMasters":[],"self":"https://dns.<ORACLE_CLOUD_DNS_REGION>.oraclecloud.com/20180115/zones/test.recordstore.io","timeCreated":"2019-10-10T17:24:05Z","version":"652","serial":652,"nameservers":[{"hostname":"ns1.p68.dns.oraclecloud.net"},{"hostname":"ns2.p68.dns.oraclecloud.net"},{"hostname":"ns3.p68.dns.oraclecloud.net"},{"hostname":"ns4.p68.dns.oraclecloud.net"}],"compartmentId":"<ORACLE_CLOUD_DNS_COMPARTMENT_ID>","id":"ocid1.dns-zone.oc1..ebe870ae24e5440ca314fba2383551cf","lifecycleState":"ACTIVE"}

        '
    http_version: 
  recorded_at: Thu, 17 Oct 2019 19:35:04 GMT
- request:
    method: get
    uri: https://dns.<ORACLE_CLOUD_DNS_REGION>.oraclecloud.com/20180115/zones/test.recordstore.io/records?domain=one_of_these_should_remain.test.recordstore.io&rtype=A&zoneVersion=652
    body:
      encoding: US-ASCII
      string: ''
    headers:
      Accept-Encoding:
      - gzip;q=1.0,deflate;q=0.6,identity;q=0.3
      Accept:
      - application/json
      Content-Type:
      - application/json
      Date:
      - Thu, 17 Oct 2019 19:35:04 GMT
      Authorization:
      - Signature headers="date (request-target) host",keyId="<ORACLE_CLOUD_DNS_COMPARTMENT_ID>/<ORACLE_CLOUD_DNS_USER>/<ORACLE_CLOUD_DNS_FINGERPRINT>",algorithm="rsa-sha256",signature="z0sqhNcfmsot3hWxNg/TnPGQM7LE5MxevJGeYuz+eZUgXuQSj3vv9hlZfIqGiSl3jf7hbjjDyXZL1UTzbIjDP9y9FfTGEtRSOTobcXt65q4K6iRBhIXQOdO1Z3due4KkBnQvMR2Yg/BC0rCZkVLxXr5LdtCpREAPRuQEV7MuoacJ3B1SynHjqViCPGB4QqXBxhHOF+jjxlyARKyXA2eKpVbD57ZtTh327LMBpLNF9pty9Zk78WLeaKmi3ofV454OwJoO746EfjRyLroRnaK2V8GvhvEyfZxHsUx45jwHerDKUbeJ1X4P7ykYYooHuVGOtVz+yspshnOcZ0hmyZ/FyA==",version="1"
      Opc-Client-Info:
      - Oracle-RubySDK/2.6.0
      Opc-Request-Id:
      - A1DB3B648EB0458796BC0002DF65473B
  response:
    status:
      code: 200
      message: OK
    headers:
      Date:
      - Thu, 17 Oct 2019 19:35:06 GMT
      Content-Type:
      - application/json
      Content-Length:
      - '218'
      Connection:
      - keep-alive
      Opc-Request-Id:
      - A1DB3B648EB0458796BC0002DF65473B/95FE953D99A44CBF9B40CC8D02EC96A6/E0C4F5900EEE411BB4904F29FC1D86DC
      Etag:
      - '"652ocid1.dns-zone.oc1..ebe870ae24e5440ca314fba2383551cf#application/json--gzip"'
      Opc-Total-Items:
      - '2'
      Vary:
      - Accept-Encoding
    body:
      encoding: ASCII-8BIT
      string: '{"items":[{"domain":"one_of_these_should_remain.test.recordstore.io","recordHash":"3153836c43e27b679201633d1007bf65","isProtected":false,"rdata":"20.20.20.20","rrsetVersion":"652","rtype":"A","ttl":600},{"domain":"one_of_these_should_remain.test.recordstore.io","recordHash":"e395278b536714c7d4a2b4c74e042b04","isProtected":false,"rdata":"30.30.30.30","rrsetVersion":"652","rtype":"A","ttl":600}]}

        '
    http_version: 
  recorded_at: Thu, 17 Oct 2019 19:35:06 GMT
- request:
    method: patch
    uri: https://dns.<ORACLE_CLOUD_DNS_REGION>.oraclecloud.com/20180115/zones/test.recordstore.io/records
    body:
      encoding: UTF-8
      string: '{"items":[{"domain":"one_of_these_should_remain.test.recordstore.io","recordHash":"e395278b536714c7d4a2b4c74e042b04","rdata":"30.30.30.30","rtype":"A","ttl":600,"operation":"REMOVE"}]}'
    headers:
      Accept-Encoding:
      - gzip;q=1.0,deflate;q=0.6,identity;q=0.3
      Accept:
      - application/json
      Content-Type:
      - application/json
      Date:
      - Thu, 17 Oct 2019 19:35:06 GMT
      Content-Length:
      - '184'
      X-Content-Sha256:
      - VJcaX/sviDljG4uZBsJfo0vff5/AuPvwtkwXh3RzDj8=
      Authorization:
      - Signature headers="date (request-target) host content-length content-type
        x-content-sha256",keyId="<ORACLE_CLOUD_DNS_COMPARTMENT_ID>/<ORACLE_CLOUD_DNS_USER>/<ORACLE_CLOUD_DNS_FINGERPRINT>",algorithm="rsa-sha256",signature="b/dZxtd6+CmcSZCujn7apKo+LQFd8IVY9T3HigTJVPglOhGfraGKEqomMjHw8/a1ZRt7zlP8kyvAOFVs8WjHRxsoPKkHrOZdl4ap7m1Qi+zjLoGF2hc7xS+X1R8D4G5bf92yucZeZF0g4nwPD1rk6O+gIu3Uub4X4lwFD5rgA3MBsj9jnGl8cqwyhGOc/i6nt7IadbbXAGnR8nHKc4/vrCUmXREmjZg2y5x1HMLhFgFuQdpm3eUi6p75FXpnFzyjIllo7DpfYXaHEESh0qrAuMv2lFfOxixs3dwLJ7efLRQCr5isYWiCzGrei8HJtBfYPZQGt1vm61NwOh6qnI/cZA==",version="1"
      Opc-Client-Info:
      - Oracle-RubySDK/2.6.0
      Opc-Request-Id:
      - 34A5AEAE7F9B42F9A2BF3A4CC8E47C3D
  response:
    status:
      code: 200
      message: OK
    headers:
      Date:
      - Thu, 17 Oct 2019 19:35:11 GMT
      Content-Type:
      - application/json
      Content-Length:
      - '4637'
      Connection:
      - keep-alive
      Opc-Request-Id:
      - 34A5AEAE7F9B42F9A2BF3A4CC8E47C3D/3AEF5B0C013A48B1A3EC8662162913D0/DEC6A7987A3C4E08B08F61FC8BDB2624
      Etag:
      - '"653ocid1.dns-zone.oc1..ebe870ae24e5440ca314fba2383551cf#application/json"'
      Opc-Total-Items:
      - '24'
    body:
      encoding: UTF-8
      string: '{"items":[{"domain":"one_of_these_should_remain.test.recordstore.io","recordHash":"3153836c43e27b679201633d1007bf65","isProtected":false,"rdata":"20.20.20.20","rrsetVersion":"653","rtype":"A","ttl":600},{"domain":"test.recordstore.io","recordHash":"310c67902c922a120f57be281f18cbbf","isProtected":true,"rdata":"ns4.p68.dns.oraclecloud.net.","rrsetVersion":"1","rtype":"NS","ttl":86400},{"domain":"test.recordstore.io","recordHash":"3cd20f2c5f00d5d32490ed469d5bdfca","isProtected":true,"rdata":"ns1.p68.dns.oraclecloud.net.
        hostmaster.test.recordstore.io. 653 3600 600 604800 1800","rrsetVersion":"653","rtype":"SOA","ttl":300},{"domain":"test.recordstore.io","recordHash":"4c2fa92cd5f92000ca884da52cab98a3","isProtected":true,"rdata":"ns1.p68.dns.oraclecloud.net.","rrsetVersion":"1","rtype":"NS","ttl":86400},{"domain":"test.recordstore.io","recordHash":"9ad655bf964bdd3bab3bd00e8a85ca3a","isProtected":true,"rdata":"ns2.p68.dns.oraclecloud.net.","rrsetVersion":"1","rtype":"NS","ttl":86400},{"domain":"test.recordstore.io","recordHash":"a233c1ceab46c9e4e04f82910297b6ed","isProtected":true,"rdata":"ns3.p68.dns.oraclecloud.net.","rrsetVersion":"1","rtype":"NS","ttl":86400},{"domain":"test_add_a.test.recordstore.io","recordHash":"be15e9b06c54272d90b79843a017382c","isProtected":false,"rdata":"10.10.10.1","rrsetVersion":"634","rtype":"A","ttl":600},{"domain":"test_add_alias.test.recordstore.io","recordHash":"14b59fe0495c7e289fb1fe5b6b4d262c","isProtected":false,"rdata":"recordstore.com.","rrsetVersion":"648","rtype":"ALIAS","ttl":600},{"domain":"test_add_caa.test.recordstore.io","recordHash":"7ed4fb48e23f82b37a365fde24fcf2de","isProtected":false,"rdata":"0
        issue \"shopify.com\"","rrsetVersion":"635","rtype":"CAA","ttl":600},{"domain":"test_add_changeset.test.recordstore.io","recordHash":"32cb338273b00668dd007e8eb4c92f3d","isProtected":false,"rdata":"10.10.10.42","rrsetVersion":"643","rtype":"A","ttl":600},{"domain":"test_add_cname.test.recordstore.io","recordHash":"319f0644572fe2dead9970acb0732271","isProtected":false,"rdata":"test.recordstore.io.","rrsetVersion":"646","rtype":"CNAME","ttl":600},{"domain":"test_add_multiple_changesets.test.recordstore.io","recordHash":"4f317640ca5af17d3239c5659aa20d49","isProtected":false,"rdata":"10.10.10.65","rrsetVersion":"629","rtype":"A","ttl":1200},{"domain":"test_add_multiple_changesets.test.recordstore.io","recordHash":"706d2dbc88f60cab4725aad899a8c2bb","isProtected":false,"rdata":"10.10.10.70","rrsetVersion":"629","rtype":"A","ttl":1200},{"domain":"test_add_mx.test.recordstore.io","recordHash":"ee70a2c453293978ad791978e226d57d","isProtected":false,"rdata":"10
        mxa.mailgun.org.","rrsetVersion":"649","rtype":"MX","ttl":600},{"domain":"test_add_ns.test.recordstore.io","recordHash":"31fc460a0652837f2f2c29a8be6e004c","isProtected":false,"rdata":"ns_test.p68.dns.oraclecloud.net.","rrsetVersion":"632","rtype":"NS","ttl":600},{"domain":"test_add_spf.test.recordstore.io","recordHash":"6fe2b1badcc6efaa141a0c4ab8898f57","isProtected":false,"rdata":"1
        2 3 spf.shopify.com.","rrsetVersion":"623","rtype":"SRV","ttl":600},{"domain":"test_add_spf.test.recordstore.io","recordHash":"98ccd1a06645015e86d50041e28c24db","isProtected":false,"rdata":"\"Hello
        World!\"","rrsetVersion":"647","rtype":"SPF","ttl":600},{"domain":"test_add_txt.test.recordstore.io","recordHash":"b6d2d31bb74e1a21fe8873aa3e347e5d","isProtected":false,"rdata":"\"Hello
        World!\"","rrsetVersion":"633","rtype":"TXT","ttl":600},{"domain":"test_update_changeset.test.recordstore.io","recordHash":"d9238c9b1e5579379826b62cf5b02d3a","isProtected":false,"rdata":"10.10.10.49","rrsetVersion":"637","rtype":"A","ttl":600},{"domain":"test_update_changeset_multiples.test.recordstore.io","recordHash":"14dab618590978ce04599dd26fcd476f","isProtected":false,"rdata":"10.10.10.50","rrsetVersion":"627","rtype":"A","ttl":600},{"domain":"test_update_changeset_multiples.test.recordstore.io","recordHash":"327dbef10c792ffe7190bb496046a610","isProtected":false,"rdata":"10.10.10.48","rrsetVersion":"627","rtype":"A","ttl":600},{"domain":"test_update_changeset_multiples.test.recordstore.io","recordHash":"7983b58ae60754a7459a69e32690de35","isProtected":false,"rdata":"10.10.10.49","rrsetVersion":"627","rtype":"A","ttl":600},{"domain":"test_update_changeset_where_domain_doesnt_exist.test.recordstore.io","recordHash":"d018e1aa7b534a50d31f53885150fdab","isProtected":false,"rdata":"10.10.10.49","rrsetVersion":"640","rtype":"A","ttl":600},{"domain":"test_updating_ttl.test.recordstore.io","recordHash":"a7f57df731fa53b1c4e1ba08e1129cda","isProtected":false,"rdata":"10.10.10.1","rrsetVersion":"631","rtype":"A","ttl":10}]}

        '
    http_version: 
  recorded_at: Thu, 17 Oct 2019 19:35:11 GMT
- request:
    method: get
    uri: https://dns.<ORACLE_CLOUD_DNS_REGION>.oraclecloud.com/20180115/zones/test.recordstore.io/records
    body:
      encoding: US-ASCII
      string: ''
    headers:
      Accept-Encoding:
      - gzip;q=1.0,deflate;q=0.6,identity;q=0.3
      Accept:
      - application/json
      Content-Type:
      - application/json
      Date:
      - Thu, 17 Oct 2019 19:35:11 GMT
      Authorization:
      - Signature headers="date (request-target) host",keyId="<ORACLE_CLOUD_DNS_COMPARTMENT_ID>/<ORACLE_CLOUD_DNS_USER>/<ORACLE_CLOUD_DNS_FINGERPRINT>",algorithm="rsa-sha256",signature="QRPOplwvQjDFvQpFT2nKskGshbe8oZiWMOzvnrehj5eAsn/A2VpHxmRFlXsqgqhb/Cg3tDpk6hPgxnIEdJJjhDGwlbWx1JhCfwFfBuMRqEfYs58091XHG7J2SRLXtovZUMTl2iLPP+9tbDwL3Qz6Z2Pi7q91ATN4v8Hc4plJYiHJ6IIbAh9HeRUhEt9J31lPya6I0P/3ijbUpSWccJN7V4BW6sudxR71NXam7cFYMGHVbdVK52kq999zn9z54m6puLk5iDY8gA4/z+OWVfEDInsdjGw+YxBFWSOboalz+tcFFW/Kd6ybDQmSpZCKFf6M5o0HiAz4lHCglBWW/X7wbg==",version="1"
      Opc-Client-Info:
      - Oracle-RubySDK/2.6.0
      Opc-Request-Id:
      - 690837AC9B0C48B2A48E0D3195C4ECD2
  response:
    status:
      code: 200
      message: OK
    headers:
      Date:
      - Thu, 17 Oct 2019 19:35:12 GMT
      Content-Type:
      - application/json
      Content-Length:
      - '1127'
      Connection:
      - keep-alive
      Opc-Request-Id:
      - 690837AC9B0C48B2A48E0D3195C4ECD2/FC3E2613E8B842A5A5A4C172189E0845/9D2ECC50B4B74073A798E9D9E684D16C
      Etag:
      - '"653ocid1.dns-zone.oc1..ebe870ae24e5440ca314fba2383551cf#application/json--gzip"'
      Opc-Total-Items:
      - '24'
      Vary:
      - Accept-Encoding
    body:
      encoding: ASCII-8BIT
      string: '{"items":[{"domain":"one_of_these_should_remain.test.recordstore.io","recordHash":"3153836c43e27b679201633d1007bf65","isProtected":false,"rdata":"20.20.20.20","rrsetVersion":"653","rtype":"A","ttl":600},{"domain":"test.recordstore.io","recordHash":"310c67902c922a120f57be281f18cbbf","isProtected":true,"rdata":"ns4.p68.dns.oraclecloud.net.","rrsetVersion":"1","rtype":"NS","ttl":86400},{"domain":"test.recordstore.io","recordHash":"3cd20f2c5f00d5d32490ed469d5bdfca","isProtected":true,"rdata":"ns1.p68.dns.oraclecloud.net.
        hostmaster.test.recordstore.io. 653 3600 600 604800 1800","rrsetVersion":"653","rtype":"SOA","ttl":300},{"domain":"test.recordstore.io","recordHash":"4c2fa92cd5f92000ca884da52cab98a3","isProtected":true,"rdata":"ns1.p68.dns.oraclecloud.net.","rrsetVersion":"1","rtype":"NS","ttl":86400},{"domain":"test.recordstore.io","recordHash":"9ad655bf964bdd3bab3bd00e8a85ca3a","isProtected":true,"rdata":"ns2.p68.dns.oraclecloud.net.","rrsetVersion":"1","rtype":"NS","ttl":86400},{"domain":"test.recordstore.io","recordHash":"a233c1ceab46c9e4e04f82910297b6ed","isProtected":true,"rdata":"ns3.p68.dns.oraclecloud.net.","rrsetVersion":"1","rtype":"NS","ttl":86400},{"domain":"test_add_a.test.recordstore.io","recordHash":"be15e9b06c54272d90b79843a017382c","isProtected":false,"rdata":"10.10.10.1","rrsetVersion":"634","rtype":"A","ttl":600},{"domain":"test_add_alias.test.recordstore.io","recordHash":"14b59fe0495c7e289fb1fe5b6b4d262c","isProtected":false,"rdata":"recordstore.com.","rrsetVersion":"648","rtype":"ALIAS","ttl":600},{"domain":"test_add_caa.test.recordstore.io","recordHash":"7ed4fb48e23f82b37a365fde24fcf2de","isProtected":false,"rdata":"0
        issue \"shopify.com\"","rrsetVersion":"635","rtype":"CAA","ttl":600},{"domain":"test_add_changeset.test.recordstore.io","recordHash":"32cb338273b00668dd007e8eb4c92f3d","isProtected":false,"rdata":"10.10.10.42","rrsetVersion":"643","rtype":"A","ttl":600},{"domain":"test_add_cname.test.recordstore.io","recordHash":"319f0644572fe2dead9970acb0732271","isProtected":false,"rdata":"test.recordstore.io.","rrsetVersion":"646","rtype":"CNAME","ttl":600},{"domain":"test_add_multiple_changesets.test.recordstore.io","recordHash":"4f317640ca5af17d3239c5659aa20d49","isProtected":false,"rdata":"10.10.10.65","rrsetVersion":"629","rtype":"A","ttl":1200},{"domain":"test_add_multiple_changesets.test.recordstore.io","recordHash":"706d2dbc88f60cab4725aad899a8c2bb","isProtected":false,"rdata":"10.10.10.70","rrsetVersion":"629","rtype":"A","ttl":1200},{"domain":"test_add_mx.test.recordstore.io","recordHash":"ee70a2c453293978ad791978e226d57d","isProtected":false,"rdata":"10
        mxa.mailgun.org.","rrsetVersion":"649","rtype":"MX","ttl":600},{"domain":"test_add_ns.test.recordstore.io","recordHash":"31fc460a0652837f2f2c29a8be6e004c","isProtected":false,"rdata":"ns_test.p68.dns.oraclecloud.net.","rrsetVersion":"632","rtype":"NS","ttl":600},{"domain":"test_add_spf.test.recordstore.io","recordHash":"6fe2b1badcc6efaa141a0c4ab8898f57","isProtected":false,"rdata":"1
        2 3 spf.shopify.com.","rrsetVersion":"623","rtype":"SRV","ttl":600},{"domain":"test_add_spf.test.recordstore.io","recordHash":"98ccd1a06645015e86d50041e28c24db","isProtected":false,"rdata":"\"Hello
        World!\"","rrsetVersion":"647","rtype":"SPF","ttl":600},{"domain":"test_add_txt.test.recordstore.io","recordHash":"b6d2d31bb74e1a21fe8873aa3e347e5d","isProtected":false,"rdata":"\"Hello
        World!\"","rrsetVersion":"633","rtype":"TXT","ttl":600},{"domain":"test_update_changeset.test.recordstore.io","recordHash":"d9238c9b1e5579379826b62cf5b02d3a","isProtected":false,"rdata":"10.10.10.49","rrsetVersion":"637","rtype":"A","ttl":600},{"domain":"test_update_changeset_multiples.test.recordstore.io","recordHash":"14dab618590978ce04599dd26fcd476f","isProtected":false,"rdata":"10.10.10.50","rrsetVersion":"627","rtype":"A","ttl":600},{"domain":"test_update_changeset_multiples.test.recordstore.io","recordHash":"327dbef10c792ffe7190bb496046a610","isProtected":false,"rdata":"10.10.10.48","rrsetVersion":"627","rtype":"A","ttl":600},{"domain":"test_update_changeset_multiples.test.recordstore.io","recordHash":"7983b58ae60754a7459a69e32690de35","isProtected":false,"rdata":"10.10.10.49","rrsetVersion":"627","rtype":"A","ttl":600},{"domain":"test_update_changeset_where_domain_doesnt_exist.test.recordstore.io","recordHash":"d018e1aa7b534a50d31f53885150fdab","isProtected":false,"rdata":"10.10.10.49","rrsetVersion":"640","rtype":"A","ttl":600},{"domain":"test_updating_ttl.test.recordstore.io","recordHash":"a7f57df731fa53b1c4e1ba08e1129cda","isProtected":false,"rdata":"10.10.10.1","rrsetVersion":"631","rtype":"A","ttl":10}]}

        '
    http_version: 
  recorded_at: Thu, 17 Oct 2019 19:35:12 GMT
recorded_with: VCR 5.0.0
