---
http_interactions:
- request:
    method: patch
    uri: https://dns.<ORACLE_CLOUD_DNS_REGION>.oraclecloud.com/20180115/zones/test.recordstore.io/records
    body:
      encoding: UTF-8
      string: '{"items":[{"domain":"test_update_changeset.test.recordstore.io.","rdata":"10.10.10.48","rtype":"A","ttl":600,"operation":"ADD"}]}'
    headers:
      Accept-Encoding:
      - gzip;q=1.0,deflate;q=0.6,identity;q=0.3
      Accept:
      - application/json
      Content-Type:
      - application/json
      Date:
      - Thu, 17 Oct 2019 19:28:44 GMT
      Content-Length:
      - '129'
      X-Content-Sha256:
      - zT5rKVQO6YeZqAO78JHrNcA4wKNE7bj+/Q8j4CF04BE=
      Authorization:
      - Signature headers="date (request-target) host content-length content-type
        x-content-sha256",keyId="<ORACLE_CLOUD_DNS_COMPARTMENT_ID>/<ORACLE_CLOUD_DNS_USER>/<ORACLE_CLOUD_DNS_FINGERPRINT>",algorithm="rsa-sha256",signature="ykbWfdE0zv4thzItKY2Ik4j5m8Tqc8Sp8gt44JpYtcTjpxZzpSonNOqgqNBbibpqWiEOrojrME5EYauHd0Aixm9uHj+gOU8VVDf+QWrl87Tx/klFqz4//dHTOQ1RQDA2gG5bp9tzEivgKbMho3M0UOKydwOaXu0pHil8xHYZsPM3XmPmT0Hjw64Y0kPNeuH7f/b1bZ8e4t64mYyxWao/PLa/ZinKQ2LhTUIhCBezK9ytwftBJzEMdhy3nHZPfD7vLZJcO8E8Oxme8BV875Rwg89NbQdgpRAkH212DQLbJCdJD00s2ZZx45ed6J9YOqpXAHocs6jpJfUuljtQ6KQ7Sw==",version="1"
      Opc-Client-Info:
      - Oracle-RubySDK/2.6.0
      Opc-Request-Id:
      - 485538E20C3B48A3B706C420DA3BBC8C
  response:
    status:
      code: 200
      message: OK
    headers:
      Date:
      - Thu, 17 Oct 2019 19:28:46 GMT
      Content-Type:
      - application/json
      Content-Length:
      - '3288'
      Connection:
      - keep-alive
      Opc-Request-Id:
      - 485538E20C3B48A3B706C420DA3BBC8C/7504D7FAB3C14B45B52EED0B09F45311/649328F221D143A59B438D71B67A6EAF
      Etag:
      - '"636ocid1.dns-zone.oc1..ebe870ae24e5440ca314fba2383551cf#application/json"'
      Opc-Total-Items:
      - '17'
    body:
      encoding: UTF-8
      string: '{"items":[{"domain":"test.recordstore.io","recordHash":"310c67902c922a120f57be281f18cbbf","isProtected":true,"rdata":"ns4.p68.dns.oraclecloud.net.","rrsetVersion":"1","rtype":"NS","ttl":86400},{"domain":"test.recordstore.io","recordHash":"3cd20f2c5f00d5d32490ed469d5bdfca","isProtected":true,"rdata":"ns1.p68.dns.oraclecloud.net.
        hostmaster.test.recordstore.io. 636 3600 600 604800 1800","rrsetVersion":"636","rtype":"SOA","ttl":300},{"domain":"test.recordstore.io","recordHash":"4c2fa92cd5f92000ca884da52cab98a3","isProtected":true,"rdata":"ns1.p68.dns.oraclecloud.net.","rrsetVersion":"1","rtype":"NS","ttl":86400},{"domain":"test.recordstore.io","recordHash":"9ad655bf964bdd3bab3bd00e8a85ca3a","isProtected":true,"rdata":"ns2.p68.dns.oraclecloud.net.","rrsetVersion":"1","rtype":"NS","ttl":86400},{"domain":"test.recordstore.io","recordHash":"a233c1ceab46c9e4e04f82910297b6ed","isProtected":true,"rdata":"ns3.p68.dns.oraclecloud.net.","rrsetVersion":"1","rtype":"NS","ttl":86400},{"domain":"test_add_a.test.recordstore.io","recordHash":"be15e9b06c54272d90b79843a017382c","isProtected":false,"rdata":"10.10.10.1","rrsetVersion":"634","rtype":"A","ttl":600},{"domain":"test_add_caa.test.recordstore.io","recordHash":"7ed4fb48e23f82b37a365fde24fcf2de","isProtected":false,"rdata":"0
        issue \"shopify.com\"","rrsetVersion":"635","rtype":"CAA","ttl":600},{"domain":"test_add_multiple_changesets.test.recordstore.io","recordHash":"4f317640ca5af17d3239c5659aa20d49","isProtected":false,"rdata":"10.10.10.65","rrsetVersion":"629","rtype":"A","ttl":1200},{"domain":"test_add_multiple_changesets.test.recordstore.io","recordHash":"706d2dbc88f60cab4725aad899a8c2bb","isProtected":false,"rdata":"10.10.10.70","rrsetVersion":"629","rtype":"A","ttl":1200},{"domain":"test_add_ns.test.recordstore.io","recordHash":"31fc460a0652837f2f2c29a8be6e004c","isProtected":false,"rdata":"ns_test.p68.dns.oraclecloud.net.","rrsetVersion":"632","rtype":"NS","ttl":600},{"domain":"test_add_spf.test.recordstore.io","recordHash":"6fe2b1badcc6efaa141a0c4ab8898f57","isProtected":false,"rdata":"1
        2 3 spf.shopify.com.","rrsetVersion":"623","rtype":"SRV","ttl":600},{"domain":"test_add_txt.test.recordstore.io","recordHash":"b6d2d31bb74e1a21fe8873aa3e347e5d","isProtected":false,"rdata":"\"Hello
        World!\"","rrsetVersion":"633","rtype":"TXT","ttl":600},{"domain":"test_update_changeset.test.recordstore.io","recordHash":"e3e74f4ae1c9439eb1c95a22806791a6","isProtected":false,"rdata":"10.10.10.48","rrsetVersion":"636","rtype":"A","ttl":600},{"domain":"test_update_changeset_multiples.test.recordstore.io","recordHash":"14dab618590978ce04599dd26fcd476f","isProtected":false,"rdata":"10.10.10.50","rrsetVersion":"627","rtype":"A","ttl":600},{"domain":"test_update_changeset_multiples.test.recordstore.io","recordHash":"327dbef10c792ffe7190bb496046a610","isProtected":false,"rdata":"10.10.10.48","rrsetVersion":"627","rtype":"A","ttl":600},{"domain":"test_update_changeset_multiples.test.recordstore.io","recordHash":"7983b58ae60754a7459a69e32690de35","isProtected":false,"rdata":"10.10.10.49","rrsetVersion":"627","rtype":"A","ttl":600},{"domain":"test_updating_ttl.test.recordstore.io","recordHash":"a7f57df731fa53b1c4e1ba08e1129cda","isProtected":false,"rdata":"10.10.10.1","rrsetVersion":"631","rtype":"A","ttl":10}]}

        '
    http_version: 
  recorded_at: Thu, 17 Oct 2019 19:28:46 GMT
- request:
    method: get
    uri: https://dns.<ORACLE_CLOUD_DNS_REGION>.oraclecloud.com/20180115/zones/test.recordstore.io/records
    body:
      encoding: US-ASCII
      string: ''
    headers:
      Accept-Encoding:
      - gzip;q=1.0,deflate;q=0.6,identity;q=0.3
      Accept:
      - application/json
      Content-Type:
      - application/json
      Date:
      - Thu, 17 Oct 2019 19:28:46 GMT
      Authorization:
      - Signature headers="date (request-target) host",keyId="<ORACLE_CLOUD_DNS_COMPARTMENT_ID>/<ORACLE_CLOUD_DNS_USER>/<ORACLE_CLOUD_DNS_FINGERPRINT>",algorithm="rsa-sha256",signature="vXBXvksVMwVhLwJp/iDJiovcCvt3XX6nXNIZXpLGA2e6y4h2dy/ModDTajCtM/0AWDyhwD44Ti6LLi2zblPDDyUQ6wqaToEd1/w5mSODvwVtRkamiPrPQfxdLNGGzT83xEOTqVHuH5RuBCi5Km7kOKXasfUOXjL9dY5g3sTSnmj2aR/naB94QYhhPdXbQUoHfJgF5V+r0hMimUtelZg2v5ZJVchfRbJ5HvgmcZsNKEOfcdnlHT10AmhW6UkDinFoCegylk8izP7/SYDb5Glmhs2anWMcbr7C/kxFC1avFV37PsLWzB5/Rsjjk7OcodKiyvjSQbJLA9rE4O0ayjY44Q==",version="1"
      Opc-Client-Info:
      - Oracle-RubySDK/2.6.0
      Opc-Request-Id:
      - B21A814A34DA46CD80B157337911BDEA
  response:
    status:
      code: 200
      message: OK
    headers:
      Date:
      - Thu, 17 Oct 2019 19:28:47 GMT
      Content-Type:
      - application/json
      Content-Length:
      - '831'
      Connection:
      - keep-alive
      Opc-Request-Id:
      - B21A814A34DA46CD80B157337911BDEA/A591F56D4DCB44A6BEB15A1DE8A73685/4F788D628DB14538907F6B6937202B3E
      Etag:
      - '"636ocid1.dns-zone.oc1..ebe870ae24e5440ca314fba2383551cf#application/json--gzip"'
      Opc-Total-Items:
      - '17'
      Vary:
      - Accept-Encoding
    body:
      encoding: ASCII-8BIT
      string: '{"items":[{"domain":"test.recordstore.io","recordHash":"310c67902c922a120f57be281f18cbbf","isProtected":true,"rdata":"ns4.p68.dns.oraclecloud.net.","rrsetVersion":"1","rtype":"NS","ttl":86400},{"domain":"test.recordstore.io","recordHash":"3cd20f2c5f00d5d32490ed469d5bdfca","isProtected":true,"rdata":"ns1.p68.dns.oraclecloud.net.
        hostmaster.test.recordstore.io. 636 3600 600 604800 1800","rrsetVersion":"636","rtype":"SOA","ttl":300},{"domain":"test.recordstore.io","recordHash":"4c2fa92cd5f92000ca884da52cab98a3","isProtected":true,"rdata":"ns1.p68.dns.oraclecloud.net.","rrsetVersion":"1","rtype":"NS","ttl":86400},{"domain":"test.recordstore.io","recordHash":"9ad655bf964bdd3bab3bd00e8a85ca3a","isProtected":true,"rdata":"ns2.p68.dns.oraclecloud.net.","rrsetVersion":"1","rtype":"NS","ttl":86400},{"domain":"test.recordstore.io","recordHash":"a233c1ceab46c9e4e04f82910297b6ed","isProtected":true,"rdata":"ns3.p68.dns.oraclecloud.net.","rrsetVersion":"1","rtype":"NS","ttl":86400},{"domain":"test_add_a.test.recordstore.io","recordHash":"be15e9b06c54272d90b79843a017382c","isProtected":false,"rdata":"10.10.10.1","rrsetVersion":"634","rtype":"A","ttl":600},{"domain":"test_add_caa.test.recordstore.io","recordHash":"7ed4fb48e23f82b37a365fde24fcf2de","isProtected":false,"rdata":"0
        issue \"shopify.com\"","rrsetVersion":"635","rtype":"CAA","ttl":600},{"domain":"test_add_multiple_changesets.test.recordstore.io","recordHash":"4f317640ca5af17d3239c5659aa20d49","isProtected":false,"rdata":"10.10.10.65","rrsetVersion":"629","rtype":"A","ttl":1200},{"domain":"test_add_multiple_changesets.test.recordstore.io","recordHash":"706d2dbc88f60cab4725aad899a8c2bb","isProtected":false,"rdata":"10.10.10.70","rrsetVersion":"629","rtype":"A","ttl":1200},{"domain":"test_add_ns.test.recordstore.io","recordHash":"31fc460a0652837f2f2c29a8be6e004c","isProtected":false,"rdata":"ns_test.p68.dns.oraclecloud.net.","rrsetVersion":"632","rtype":"NS","ttl":600},{"domain":"test_add_spf.test.recordstore.io","recordHash":"6fe2b1badcc6efaa141a0c4ab8898f57","isProtected":false,"rdata":"1
        2 3 spf.shopify.com.","rrsetVersion":"623","rtype":"SRV","ttl":600},{"domain":"test_add_txt.test.recordstore.io","recordHash":"b6d2d31bb74e1a21fe8873aa3e347e5d","isProtected":false,"rdata":"\"Hello
        World!\"","rrsetVersion":"633","rtype":"TXT","ttl":600},{"domain":"test_update_changeset.test.recordstore.io","recordHash":"e3e74f4ae1c9439eb1c95a22806791a6","isProtected":false,"rdata":"10.10.10.48","rrsetVersion":"636","rtype":"A","ttl":600},{"domain":"test_update_changeset_multiples.test.recordstore.io","recordHash":"14dab618590978ce04599dd26fcd476f","isProtected":false,"rdata":"10.10.10.50","rrsetVersion":"627","rtype":"A","ttl":600},{"domain":"test_update_changeset_multiples.test.recordstore.io","recordHash":"327dbef10c792ffe7190bb496046a610","isProtected":false,"rdata":"10.10.10.48","rrsetVersion":"627","rtype":"A","ttl":600},{"domain":"test_update_changeset_multiples.test.recordstore.io","recordHash":"7983b58ae60754a7459a69e32690de35","isProtected":false,"rdata":"10.10.10.49","rrsetVersion":"627","rtype":"A","ttl":600},{"domain":"test_updating_ttl.test.recordstore.io","recordHash":"a7f57df731fa53b1c4e1ba08e1129cda","isProtected":false,"rdata":"10.10.10.1","rrsetVersion":"631","rtype":"A","ttl":10}]}

        '
    http_version: 
  recorded_at: Thu, 17 Oct 2019 19:28:47 GMT
- request:
    method: get
    uri: https://dns.<ORACLE_CLOUD_DNS_REGION>.oraclecloud.com/20180115/zones/test.recordstore.io
    body:
      encoding: US-ASCII
      string: ''
    headers:
      Accept-Encoding:
      - gzip;q=1.0,deflate;q=0.6,identity;q=0.3
      Accept:
      - application/json
      Content-Type:
      - application/json
      Date:
      - Thu, 17 Oct 2019 19:28:47 GMT
      Authorization:
      - Signature headers="date (request-target) host",keyId="<ORACLE_CLOUD_DNS_COMPARTMENT_ID>/<ORACLE_CLOUD_DNS_USER>/<ORACLE_CLOUD_DNS_FINGERPRINT>",algorithm="rsa-sha256",signature="gHaqGIe7PvWjKKrrwv+vVxfPkgZCBwo76XUwCUZJz+UrLwx9fmutkvykIv2H8Jlov24Xs1Glv0CVt979xYO/fJYSqQBnSs+Jf+534iuKXHH+ShUECpBcEzcA9b6+7iZWnaQ3lnVe7UyqBBy2vGRQ4YlHF5ELimbWFGZdxH8kQgpEtNaAl8qoR9EJ4HGScCHi8NCDmZ0Ha5V6vq+FKc4q6ROh7Zo1OpbpipIT7ha0FDJjC1zySN0nRMGHTVjpKAWoLwhNz0Ec3BfP3jyOFZXYnEh0+Bg6D+MqsXPmCrNCZc7A6zMvx/WilMcVyr1Vpc+EzPQr0CPJmtcjFCI58xUlRQ==",version="1"
      Opc-Client-Info:
      - Oracle-RubySDK/2.6.0
      Opc-Request-Id:
      - D76DB25E6E34405FBACB975EAF04B718
  response:
    status:
      code: 200
      message: OK
    headers:
      Date:
      - Thu, 17 Oct 2019 19:28:48 GMT
      Content-Type:
      - application/json
      Content-Length:
      - '358'
      Connection:
      - keep-alive
      Opc-Request-Id:
      - D76DB25E6E34405FBACB975EAF04B718/7BF26429C33C48FDAD494E2F4C025009/1DECD03C50EB402BA125F5718368B04C
      Etag:
      - '"636ocid1.dns-zone.oc1..ebe870ae24e5440ca314fba2383551cf<ORACLE_CLOUD_DNS_COMPARTMENT_ID>164374825086dc65cd5dc548c248f61328b5d668#application/json--gzip"'
      Vary:
      - Accept-Encoding
    body:
      encoding: ASCII-8BIT
      string: '{"zoneType":"PRIMARY","name":"test.recordstore.io","externalMasters":[],"self":"https://dns.<ORACLE_CLOUD_DNS_REGION>.oraclecloud.com/20180115/zones/test.recordstore.io","timeCreated":"2019-10-10T17:24:05Z","version":"636","serial":636,"nameservers":[{"hostname":"ns1.p68.dns.oraclecloud.net"},{"hostname":"ns2.p68.dns.oraclecloud.net"},{"hostname":"ns3.p68.dns.oraclecloud.net"},{"hostname":"ns4.p68.dns.oraclecloud.net"}],"compartmentId":"<ORACLE_CLOUD_DNS_COMPARTMENT_ID>","id":"ocid1.dns-zone.oc1..ebe870ae24e5440ca314fba2383551cf","lifecycleState":"ACTIVE"}

        '
    http_version: 
  recorded_at: Thu, 17 Oct 2019 19:28:49 GMT
- request:
    method: get
    uri: https://dns.<ORACLE_CLOUD_DNS_REGION>.oraclecloud.com/20180115/zones/test.recordstore.io/records?zoneVersion=636
    body:
      encoding: US-ASCII
      string: ''
    headers:
      Accept-Encoding:
      - gzip;q=1.0,deflate;q=0.6,identity;q=0.3
      Accept:
      - application/json
      Content-Type:
      - application/json
      Date:
      - Thu, 17 Oct 2019 19:28:49 GMT
      Authorization:
      - Signature headers="date (request-target) host",keyId="<ORACLE_CLOUD_DNS_COMPARTMENT_ID>/<ORACLE_CLOUD_DNS_USER>/<ORACLE_CLOUD_DNS_FINGERPRINT>",algorithm="rsa-sha256",signature="bT9SgJLv4G0VyVp9hrmNqZIvLHScZ6YcHTPEhu++e+YbjBsZDdcMjLjP1xEpG/4nK2hSjRoD77i2872W8ZnEnV+hb/cBDQH5anPsOHy1gO1sLwvkopLcavmULu9jkdxyeSCAHM1cInu4KomWdmm1qKyZ0bOpeFbOFS/rqJy2fWl/5HA7hSNK8SGXFG1XCNU7O9CTArXNtQu4sHutKHknYDWC0eBwhPcCj7FhNZ4HLjHBWojPRIbe18JN9DxbakDpV1iBBGfZqqeiA1xB6PizBGskDe34nZGd1fMsJorQ/RVolgMy2M+x+jk11jlc9NifpD76/LzDqMF9Q85DGgMhSg==",version="1"
      Opc-Client-Info:
      - Oracle-RubySDK/2.6.0
      Opc-Request-Id:
      - 6A9BA9C6A7AA42B3A765F28F5CA86AA2
  response:
    status:
      code: 200
      message: OK
    headers:
      Date:
      - Thu, 17 Oct 2019 19:28:49 GMT
      Content-Type:
      - application/json
      Content-Length:
      - '831'
      Connection:
      - keep-alive
      Opc-Request-Id:
      - 6A9BA9C6A7AA42B3A765F28F5CA86AA2/2A1FD28393D8469C9B30B4F909B464BA/E998CE593D26428C823A6E009EA60452
      Etag:
      - '"636ocid1.dns-zone.oc1..ebe870ae24e5440ca314fba2383551cf#application/json--gzip"'
      Opc-Total-Items:
      - '17'
      Vary:
      - Accept-Encoding
    body:
      encoding: ASCII-8BIT
      string: '{"items":[{"domain":"test.recordstore.io","recordHash":"310c67902c922a120f57be281f18cbbf","isProtected":true,"rdata":"ns4.p68.dns.oraclecloud.net.","rrsetVersion":"1","rtype":"NS","ttl":86400},{"domain":"test.recordstore.io","recordHash":"3cd20f2c5f00d5d32490ed469d5bdfca","isProtected":true,"rdata":"ns1.p68.dns.oraclecloud.net.
        hostmaster.test.recordstore.io. 636 3600 600 604800 1800","rrsetVersion":"636","rtype":"SOA","ttl":300},{"domain":"test.recordstore.io","recordHash":"4c2fa92cd5f92000ca884da52cab98a3","isProtected":true,"rdata":"ns1.p68.dns.oraclecloud.net.","rrsetVersion":"1","rtype":"NS","ttl":86400},{"domain":"test.recordstore.io","recordHash":"9ad655bf964bdd3bab3bd00e8a85ca3a","isProtected":true,"rdata":"ns2.p68.dns.oraclecloud.net.","rrsetVersion":"1","rtype":"NS","ttl":86400},{"domain":"test.recordstore.io","recordHash":"a233c1ceab46c9e4e04f82910297b6ed","isProtected":true,"rdata":"ns3.p68.dns.oraclecloud.net.","rrsetVersion":"1","rtype":"NS","ttl":86400},{"domain":"test_add_a.test.recordstore.io","recordHash":"be15e9b06c54272d90b79843a017382c","isProtected":false,"rdata":"10.10.10.1","rrsetVersion":"634","rtype":"A","ttl":600},{"domain":"test_add_caa.test.recordstore.io","recordHash":"7ed4fb48e23f82b37a365fde24fcf2de","isProtected":false,"rdata":"0
        issue \"shopify.com\"","rrsetVersion":"635","rtype":"CAA","ttl":600},{"domain":"test_add_multiple_changesets.test.recordstore.io","recordHash":"4f317640ca5af17d3239c5659aa20d49","isProtected":false,"rdata":"10.10.10.65","rrsetVersion":"629","rtype":"A","ttl":1200},{"domain":"test_add_multiple_changesets.test.recordstore.io","recordHash":"706d2dbc88f60cab4725aad899a8c2bb","isProtected":false,"rdata":"10.10.10.70","rrsetVersion":"629","rtype":"A","ttl":1200},{"domain":"test_add_ns.test.recordstore.io","recordHash":"31fc460a0652837f2f2c29a8be6e004c","isProtected":false,"rdata":"ns_test.p68.dns.oraclecloud.net.","rrsetVersion":"632","rtype":"NS","ttl":600},{"domain":"test_add_spf.test.recordstore.io","recordHash":"6fe2b1badcc6efaa141a0c4ab8898f57","isProtected":false,"rdata":"1
        2 3 spf.shopify.com.","rrsetVersion":"623","rtype":"SRV","ttl":600},{"domain":"test_add_txt.test.recordstore.io","recordHash":"b6d2d31bb74e1a21fe8873aa3e347e5d","isProtected":false,"rdata":"\"Hello
        World!\"","rrsetVersion":"633","rtype":"TXT","ttl":600},{"domain":"test_update_changeset.test.recordstore.io","recordHash":"e3e74f4ae1c9439eb1c95a22806791a6","isProtected":false,"rdata":"10.10.10.48","rrsetVersion":"636","rtype":"A","ttl":600},{"domain":"test_update_changeset_multiples.test.recordstore.io","recordHash":"14dab618590978ce04599dd26fcd476f","isProtected":false,"rdata":"10.10.10.50","rrsetVersion":"627","rtype":"A","ttl":600},{"domain":"test_update_changeset_multiples.test.recordstore.io","recordHash":"327dbef10c792ffe7190bb496046a610","isProtected":false,"rdata":"10.10.10.48","rrsetVersion":"627","rtype":"A","ttl":600},{"domain":"test_update_changeset_multiples.test.recordstore.io","recordHash":"7983b58ae60754a7459a69e32690de35","isProtected":false,"rdata":"10.10.10.49","rrsetVersion":"627","rtype":"A","ttl":600},{"domain":"test_updating_ttl.test.recordstore.io","recordHash":"a7f57df731fa53b1c4e1ba08e1129cda","isProtected":false,"rdata":"10.10.10.1","rrsetVersion":"631","rtype":"A","ttl":10}]}

        '
    http_version: 
  recorded_at: Thu, 17 Oct 2019 19:28:49 GMT
- request:
    method: put
    uri: https://dns.<ORACLE_CLOUD_DNS_REGION>.oraclecloud.com/20180115/zones/test.recordstore.io/records
    body:
      encoding: UTF-8
      string: '{"items":[{"domain":"test.recordstore.io","recordHash":"310c67902c922a120f57be281f18cbbf","isProtected":true,"rdata":"ns4.p68.dns.oraclecloud.net.","rrsetVersion":"1","rtype":"NS","ttl":86400},{"domain":"test.recordstore.io","recordHash":"3cd20f2c5f00d5d32490ed469d5bdfca","isProtected":true,"rdata":"ns1.p68.dns.oraclecloud.net.
        hostmaster.test.recordstore.io. 636 3600 600 604800 1800","rrsetVersion":"636","rtype":"SOA","ttl":300},{"domain":"test.recordstore.io","recordHash":"4c2fa92cd5f92000ca884da52cab98a3","isProtected":true,"rdata":"ns1.p68.dns.oraclecloud.net.","rrsetVersion":"1","rtype":"NS","ttl":86400},{"domain":"test.recordstore.io","recordHash":"9ad655bf964bdd3bab3bd00e8a85ca3a","isProtected":true,"rdata":"ns2.p68.dns.oraclecloud.net.","rrsetVersion":"1","rtype":"NS","ttl":86400},{"domain":"test.recordstore.io","recordHash":"a233c1ceab46c9e4e04f82910297b6ed","isProtected":true,"rdata":"ns3.p68.dns.oraclecloud.net.","rrsetVersion":"1","rtype":"NS","ttl":86400},{"domain":"test_add_a.test.recordstore.io","recordHash":"be15e9b06c54272d90b79843a017382c","isProtected":true,"rdata":"10.10.10.1","rrsetVersion":"634","rtype":"A","ttl":600},{"domain":"test_add_caa.test.recordstore.io","recordHash":"7ed4fb48e23f82b37a365fde24fcf2de","isProtected":true,"rdata":"0
        issue \"shopify.com\"","rrsetVersion":"635","rtype":"CAA","ttl":600},{"domain":"test_add_multiple_changesets.test.recordstore.io","recordHash":"4f317640ca5af17d3239c5659aa20d49","isProtected":true,"rdata":"10.10.10.65","rrsetVersion":"629","rtype":"A","ttl":1200},{"domain":"test_add_multiple_changesets.test.recordstore.io","recordHash":"706d2dbc88f60cab4725aad899a8c2bb","isProtected":true,"rdata":"10.10.10.70","rrsetVersion":"629","rtype":"A","ttl":1200},{"domain":"test_add_ns.test.recordstore.io","recordHash":"31fc460a0652837f2f2c29a8be6e004c","isProtected":true,"rdata":"ns_test.p68.dns.oraclecloud.net.","rrsetVersion":"632","rtype":"NS","ttl":600},{"domain":"test_add_spf.test.recordstore.io","recordHash":"6fe2b1badcc6efaa141a0c4ab8898f57","isProtected":true,"rdata":"1
        2 3 spf.shopify.com.","rrsetVersion":"623","rtype":"SRV","ttl":600},{"domain":"test_add_txt.test.recordstore.io","recordHash":"b6d2d31bb74e1a21fe8873aa3e347e5d","isProtected":true,"rdata":"\"Hello
        World!\"","rrsetVersion":"633","rtype":"TXT","ttl":600},{"domain":"test_update_changeset_multiples.test.recordstore.io","recordHash":"14dab618590978ce04599dd26fcd476f","isProtected":true,"rdata":"10.10.10.50","rrsetVersion":"627","rtype":"A","ttl":600},{"domain":"test_update_changeset_multiples.test.recordstore.io","recordHash":"327dbef10c792ffe7190bb496046a610","isProtected":true,"rdata":"10.10.10.48","rrsetVersion":"627","rtype":"A","ttl":600},{"domain":"test_update_changeset_multiples.test.recordstore.io","recordHash":"7983b58ae60754a7459a69e32690de35","isProtected":true,"rdata":"10.10.10.49","rrsetVersion":"627","rtype":"A","ttl":600},{"domain":"test_updating_ttl.test.recordstore.io","recordHash":"a7f57df731fa53b1c4e1ba08e1129cda","isProtected":true,"rdata":"10.10.10.1","rrsetVersion":"631","rtype":"A","ttl":10},{"domain":"test_update_changeset.test.recordstore.io","rdata":"10.10.10.49","rtype":"A","ttl":600}]}'
    headers:
      Accept-Encoding:
      - gzip;q=1.0,deflate;q=0.6,identity;q=0.3
      Accept:
      - application/json
      Content-Type:
      - application/json
      Date:
      - Thu, 17 Oct 2019 19:28:49 GMT
      Content-Length:
      - '3187'
      X-Content-Sha256:
      - cnGbIlG+/eNqP4qucVomA9rhfuyp63oqY8kCXfZFuDI=
      Authorization:
      - Signature headers="date (request-target) host content-length content-type
        x-content-sha256",keyId="<ORACLE_CLOUD_DNS_COMPARTMENT_ID>/<ORACLE_CLOUD_DNS_USER>/<ORACLE_CLOUD_DNS_FINGERPRINT>",algorithm="rsa-sha256",signature="BK8a6dCoPVyG52ATx1Xoc6E2vd1vyu+5WHYhp7xnXO02ri2tSbAptdhNHgrsHhqUG0E7+WTqyqQWT9fKb3hQM+AHChJGe+3OuKJq/oGgSvPiO/JsC+73w2PKf4KhuBctay6X/fONZGCC6kLVPnTIjUDrAT1qTfsoSpgTTiFUxOz3vQnoBuGtTjRr+fI7X2dLJWt+04rF4RnsF5fuxxxcx6UR6pUEBAi6hugRulM7pqt6yuiu0IMePqPphdimWFh8P9at6vEs1CtY+K9GrjhCrTVKpsa792lkBLAzTMgEKC9F8Jk9921LlxnqI/l02DILcp54VtpuYNEVGfM0powdpg==",version="1"
      Opc-Client-Info:
      - Oracle-RubySDK/2.6.0
      Opc-Request-Id:
      - F633193280514A6283A4E697ADBE7704
  response:
    status:
      code: 200
      message: OK
    headers:
      Date:
      - Thu, 17 Oct 2019 19:28:51 GMT
      Content-Type:
      - application/json
      Content-Length:
      - '3288'
      Connection:
      - keep-alive
      Opc-Request-Id:
      - F633193280514A6283A4E697ADBE7704/4CB32A08CF8A4BBEAF370F903E09B6F5/B73DA6F3E36843C4A4650640266E0656
      Etag:
      - '"637ocid1.dns-zone.oc1..ebe870ae24e5440ca314fba2383551cf#application/json"'
      Opc-Total-Items:
      - '17'
    body:
      encoding: UTF-8
      string: '{"items":[{"domain":"test.recordstore.io","recordHash":"310c67902c922a120f57be281f18cbbf","isProtected":true,"rdata":"ns4.p68.dns.oraclecloud.net.","rrsetVersion":"1","rtype":"NS","ttl":86400},{"domain":"test.recordstore.io","recordHash":"3cd20f2c5f00d5d32490ed469d5bdfca","isProtected":true,"rdata":"ns1.p68.dns.oraclecloud.net.
        hostmaster.test.recordstore.io. 637 3600 600 604800 1800","rrsetVersion":"637","rtype":"SOA","ttl":300},{"domain":"test.recordstore.io","recordHash":"4c2fa92cd5f92000ca884da52cab98a3","isProtected":true,"rdata":"ns1.p68.dns.oraclecloud.net.","rrsetVersion":"1","rtype":"NS","ttl":86400},{"domain":"test.recordstore.io","recordHash":"9ad655bf964bdd3bab3bd00e8a85ca3a","isProtected":true,"rdata":"ns2.p68.dns.oraclecloud.net.","rrsetVersion":"1","rtype":"NS","ttl":86400},{"domain":"test.recordstore.io","recordHash":"a233c1ceab46c9e4e04f82910297b6ed","isProtected":true,"rdata":"ns3.p68.dns.oraclecloud.net.","rrsetVersion":"1","rtype":"NS","ttl":86400},{"domain":"test_add_a.test.recordstore.io","recordHash":"be15e9b06c54272d90b79843a017382c","isProtected":false,"rdata":"10.10.10.1","rrsetVersion":"634","rtype":"A","ttl":600},{"domain":"test_add_caa.test.recordstore.io","recordHash":"7ed4fb48e23f82b37a365fde24fcf2de","isProtected":false,"rdata":"0
        issue \"shopify.com\"","rrsetVersion":"635","rtype":"CAA","ttl":600},{"domain":"test_add_multiple_changesets.test.recordstore.io","recordHash":"4f317640ca5af17d3239c5659aa20d49","isProtected":false,"rdata":"10.10.10.65","rrsetVersion":"629","rtype":"A","ttl":1200},{"domain":"test_add_multiple_changesets.test.recordstore.io","recordHash":"706d2dbc88f60cab4725aad899a8c2bb","isProtected":false,"rdata":"10.10.10.70","rrsetVersion":"629","rtype":"A","ttl":1200},{"domain":"test_add_ns.test.recordstore.io","recordHash":"31fc460a0652837f2f2c29a8be6e004c","isProtected":false,"rdata":"ns_test.p68.dns.oraclecloud.net.","rrsetVersion":"632","rtype":"NS","ttl":600},{"domain":"test_add_spf.test.recordstore.io","recordHash":"6fe2b1badcc6efaa141a0c4ab8898f57","isProtected":false,"rdata":"1
        2 3 spf.shopify.com.","rrsetVersion":"623","rtype":"SRV","ttl":600},{"domain":"test_add_txt.test.recordstore.io","recordHash":"b6d2d31bb74e1a21fe8873aa3e347e5d","isProtected":false,"rdata":"\"Hello
        World!\"","rrsetVersion":"633","rtype":"TXT","ttl":600},{"domain":"test_update_changeset.test.recordstore.io","recordHash":"d9238c9b1e5579379826b62cf5b02d3a","isProtected":false,"rdata":"10.10.10.49","rrsetVersion":"637","rtype":"A","ttl":600},{"domain":"test_update_changeset_multiples.test.recordstore.io","recordHash":"14dab618590978ce04599dd26fcd476f","isProtected":false,"rdata":"10.10.10.50","rrsetVersion":"627","rtype":"A","ttl":600},{"domain":"test_update_changeset_multiples.test.recordstore.io","recordHash":"327dbef10c792ffe7190bb496046a610","isProtected":false,"rdata":"10.10.10.48","rrsetVersion":"627","rtype":"A","ttl":600},{"domain":"test_update_changeset_multiples.test.recordstore.io","recordHash":"7983b58ae60754a7459a69e32690de35","isProtected":false,"rdata":"10.10.10.49","rrsetVersion":"627","rtype":"A","ttl":600},{"domain":"test_updating_ttl.test.recordstore.io","recordHash":"a7f57df731fa53b1c4e1ba08e1129cda","isProtected":false,"rdata":"10.10.10.1","rrsetVersion":"631","rtype":"A","ttl":10}]}

        '
    http_version: 
  recorded_at: Thu, 17 Oct 2019 19:28:51 GMT
- request:
    method: get
    uri: https://dns.<ORACLE_CLOUD_DNS_REGION>.oraclecloud.com/20180115/zones/test.recordstore.io/records
    body:
      encoding: US-ASCII
      string: ''
    headers:
      Accept-Encoding:
      - gzip;q=1.0,deflate;q=0.6,identity;q=0.3
      Accept:
      - application/json
      Content-Type:
      - application/json
      Date:
      - Thu, 17 Oct 2019 19:28:51 GMT
      Authorization:
      - Signature headers="date (request-target) host",keyId="<ORACLE_CLOUD_DNS_COMPARTMENT_ID>/<ORACLE_CLOUD_DNS_USER>/<ORACLE_CLOUD_DNS_FINGERPRINT>",algorithm="rsa-sha256",signature="35nfM1aOcwJI7F0xJycoxJED3z37Om57ynD0JvnuWYMjVC90c408wew7WAS+nkgGwJs5F8mJ1L9XWNofIuScQd77uycUiS312jxtC3yrQC+iXCYVedhL3AI/66p7c3q2qTr1PP3Mba/Q6SWadnDNc76zyC77K355W8XmyjQ8NDnzyud0tRFWMQCCEIb3tUTOQsXf7YzPukyMDlOysGhzZksKG+aST5RVFEhzUG5e2e3LSdzFtHQkXQ/ltMJpZ2M7WJ8HmPwMOthN2hk2MlNWK2MJ1iQswY/nonXVXvRv3MkbjX8bLj+AFhsQiq+jv5T80K7afERS9jJ88oIJNBSvVg==",version="1"
      Opc-Client-Info:
      - Oracle-RubySDK/2.6.0
      Opc-Request-Id:
      - 9B1C36B3AD4046C99B1DECA19E164539
  response:
    status:
      code: 200
      message: OK
    headers:
      Date:
      - Thu, 17 Oct 2019 19:28:52 GMT
      Content-Type:
      - application/json
      Content-Length:
      - '832'
      Connection:
      - keep-alive
      Opc-Request-Id:
      - 9B1C36B3AD4046C99B1DECA19E164539/442E0BF199A64B2880E5F8B68AB354E0/7E39553A223E48C7878553C76DF61460
      Etag:
      - '"637ocid1.dns-zone.oc1..ebe870ae24e5440ca314fba2383551cf#application/json--gzip"'
      Opc-Total-Items:
      - '17'
      Vary:
      - Accept-Encoding
    body:
      encoding: ASCII-8BIT
      string: '{"items":[{"domain":"test.recordstore.io","recordHash":"310c67902c922a120f57be281f18cbbf","isProtected":true,"rdata":"ns4.p68.dns.oraclecloud.net.","rrsetVersion":"1","rtype":"NS","ttl":86400},{"domain":"test.recordstore.io","recordHash":"3cd20f2c5f00d5d32490ed469d5bdfca","isProtected":true,"rdata":"ns1.p68.dns.oraclecloud.net.
        hostmaster.test.recordstore.io. 637 3600 600 604800 1800","rrsetVersion":"637","rtype":"SOA","ttl":300},{"domain":"test.recordstore.io","recordHash":"4c2fa92cd5f92000ca884da52cab98a3","isProtected":true,"rdata":"ns1.p68.dns.oraclecloud.net.","rrsetVersion":"1","rtype":"NS","ttl":86400},{"domain":"test.recordstore.io","recordHash":"9ad655bf964bdd3bab3bd00e8a85ca3a","isProtected":true,"rdata":"ns2.p68.dns.oraclecloud.net.","rrsetVersion":"1","rtype":"NS","ttl":86400},{"domain":"test.recordstore.io","recordHash":"a233c1ceab46c9e4e04f82910297b6ed","isProtected":true,"rdata":"ns3.p68.dns.oraclecloud.net.","rrsetVersion":"1","rtype":"NS","ttl":86400},{"domain":"test_add_a.test.recordstore.io","recordHash":"be15e9b06c54272d90b79843a017382c","isProtected":false,"rdata":"10.10.10.1","rrsetVersion":"634","rtype":"A","ttl":600},{"domain":"test_add_caa.test.recordstore.io","recordHash":"7ed4fb48e23f82b37a365fde24fcf2de","isProtected":false,"rdata":"0
        issue \"shopify.com\"","rrsetVersion":"635","rtype":"CAA","ttl":600},{"domain":"test_add_multiple_changesets.test.recordstore.io","recordHash":"4f317640ca5af17d3239c5659aa20d49","isProtected":false,"rdata":"10.10.10.65","rrsetVersion":"629","rtype":"A","ttl":1200},{"domain":"test_add_multiple_changesets.test.recordstore.io","recordHash":"706d2dbc88f60cab4725aad899a8c2bb","isProtected":false,"rdata":"10.10.10.70","rrsetVersion":"629","rtype":"A","ttl":1200},{"domain":"test_add_ns.test.recordstore.io","recordHash":"31fc460a0652837f2f2c29a8be6e004c","isProtected":false,"rdata":"ns_test.p68.dns.oraclecloud.net.","rrsetVersion":"632","rtype":"NS","ttl":600},{"domain":"test_add_spf.test.recordstore.io","recordHash":"6fe2b1badcc6efaa141a0c4ab8898f57","isProtected":false,"rdata":"1
        2 3 spf.shopify.com.","rrsetVersion":"623","rtype":"SRV","ttl":600},{"domain":"test_add_txt.test.recordstore.io","recordHash":"b6d2d31bb74e1a21fe8873aa3e347e5d","isProtected":false,"rdata":"\"Hello
        World!\"","rrsetVersion":"633","rtype":"TXT","ttl":600},{"domain":"test_update_changeset.test.recordstore.io","recordHash":"d9238c9b1e5579379826b62cf5b02d3a","isProtected":false,"rdata":"10.10.10.49","rrsetVersion":"637","rtype":"A","ttl":600},{"domain":"test_update_changeset_multiples.test.recordstore.io","recordHash":"14dab618590978ce04599dd26fcd476f","isProtected":false,"rdata":"10.10.10.50","rrsetVersion":"627","rtype":"A","ttl":600},{"domain":"test_update_changeset_multiples.test.recordstore.io","recordHash":"327dbef10c792ffe7190bb496046a610","isProtected":false,"rdata":"10.10.10.48","rrsetVersion":"627","rtype":"A","ttl":600},{"domain":"test_update_changeset_multiples.test.recordstore.io","recordHash":"7983b58ae60754a7459a69e32690de35","isProtected":false,"rdata":"10.10.10.49","rrsetVersion":"627","rtype":"A","ttl":600},{"domain":"test_updating_ttl.test.recordstore.io","recordHash":"a7f57df731fa53b1c4e1ba08e1129cda","isProtected":false,"rdata":"10.10.10.1","rrsetVersion":"631","rtype":"A","ttl":10}]}

        '
    http_version: 
  recorded_at: Thu, 17 Oct 2019 19:28:52 GMT
- request:
    method: get
    uri: https://dns.<ORACLE_CLOUD_DNS_REGION>.oraclecloud.com/20180115/zones/test.recordstore.io/records
    body:
      encoding: US-ASCII
      string: ''
    headers:
      Accept-Encoding:
      - gzip;q=1.0,deflate;q=0.6,identity;q=0.3
      Accept:
      - application/json
      Content-Type:
      - application/json
      Date:
      - Thu, 17 Oct 2019 19:28:52 GMT
      Authorization:
      - Signature headers="date (request-target) host",keyId="<ORACLE_CLOUD_DNS_COMPARTMENT_ID>/<ORACLE_CLOUD_DNS_USER>/<ORACLE_CLOUD_DNS_FINGERPRINT>",algorithm="rsa-sha256",signature="4l330v/hIWElJUOaXEiTx67iwPLqhBlGxK+etTPNZu9SJQUDKeVa9Bk2i1GnWWiU495vmmOXld5gIxteRlFnqOz4GwzqmdOdAvKF/xsK3OyDKznm/g36/B2lUmgGrWO7QDY4xF85dwG1igh/+Yak332KPeuupD+vrfC7KdRDPrPkka+Psre5Ry+CEYNBbrz2zUUtl6Wa4pWka5TdBcqDhHhGwZvg1KmMclLqY+sqCNbF/scVBvgQILj/Lpuz+4X7tI49L179eXjlxvzmw170EDmkrUt073E8NOpWeJzWTnBsff7hEMokc3rL3yE8s/mW5qr50rtIs6f0InsUYD9stA==",version="1"
      Opc-Client-Info:
      - Oracle-RubySDK/2.6.0
      Opc-Request-Id:
      - 4326D82E70F8479AA7C8F29EBDC282DD
  response:
    status:
      code: 200
      message: OK
    headers:
      Date:
      - Thu, 17 Oct 2019 19:28:53 GMT
      Content-Type:
      - application/json
      Content-Length:
      - '832'
      Connection:
      - keep-alive
      Opc-Request-Id:
      - 4326D82E70F8479AA7C8F29EBDC282DD/069AB8FF427D43D09BBF7118D6E39E05/90B787D4A40848E99AC7FDAE199AC9F5
      Etag:
      - '"637ocid1.dns-zone.oc1..ebe870ae24e5440ca314fba2383551cf#application/json--gzip"'
      Opc-Total-Items:
      - '17'
      Vary:
      - Accept-Encoding
    body:
      encoding: ASCII-8BIT
      string: '{"items":[{"domain":"test.recordstore.io","recordHash":"310c67902c922a120f57be281f18cbbf","isProtected":true,"rdata":"ns4.p68.dns.oraclecloud.net.","rrsetVersion":"1","rtype":"NS","ttl":86400},{"domain":"test.recordstore.io","recordHash":"3cd20f2c5f00d5d32490ed469d5bdfca","isProtected":true,"rdata":"ns1.p68.dns.oraclecloud.net.
        hostmaster.test.recordstore.io. 637 3600 600 604800 1800","rrsetVersion":"637","rtype":"SOA","ttl":300},{"domain":"test.recordstore.io","recordHash":"4c2fa92cd5f92000ca884da52cab98a3","isProtected":true,"rdata":"ns1.p68.dns.oraclecloud.net.","rrsetVersion":"1","rtype":"NS","ttl":86400},{"domain":"test.recordstore.io","recordHash":"9ad655bf964bdd3bab3bd00e8a85ca3a","isProtected":true,"rdata":"ns2.p68.dns.oraclecloud.net.","rrsetVersion":"1","rtype":"NS","ttl":86400},{"domain":"test.recordstore.io","recordHash":"a233c1ceab46c9e4e04f82910297b6ed","isProtected":true,"rdata":"ns3.p68.dns.oraclecloud.net.","rrsetVersion":"1","rtype":"NS","ttl":86400},{"domain":"test_add_a.test.recordstore.io","recordHash":"be15e9b06c54272d90b79843a017382c","isProtected":false,"rdata":"10.10.10.1","rrsetVersion":"634","rtype":"A","ttl":600},{"domain":"test_add_caa.test.recordstore.io","recordHash":"7ed4fb48e23f82b37a365fde24fcf2de","isProtected":false,"rdata":"0
        issue \"shopify.com\"","rrsetVersion":"635","rtype":"CAA","ttl":600},{"domain":"test_add_multiple_changesets.test.recordstore.io","recordHash":"4f317640ca5af17d3239c5659aa20d49","isProtected":false,"rdata":"10.10.10.65","rrsetVersion":"629","rtype":"A","ttl":1200},{"domain":"test_add_multiple_changesets.test.recordstore.io","recordHash":"706d2dbc88f60cab4725aad899a8c2bb","isProtected":false,"rdata":"10.10.10.70","rrsetVersion":"629","rtype":"A","ttl":1200},{"domain":"test_add_ns.test.recordstore.io","recordHash":"31fc460a0652837f2f2c29a8be6e004c","isProtected":false,"rdata":"ns_test.p68.dns.oraclecloud.net.","rrsetVersion":"632","rtype":"NS","ttl":600},{"domain":"test_add_spf.test.recordstore.io","recordHash":"6fe2b1badcc6efaa141a0c4ab8898f57","isProtected":false,"rdata":"1
        2 3 spf.shopify.com.","rrsetVersion":"623","rtype":"SRV","ttl":600},{"domain":"test_add_txt.test.recordstore.io","recordHash":"b6d2d31bb74e1a21fe8873aa3e347e5d","isProtected":false,"rdata":"\"Hello
        World!\"","rrsetVersion":"633","rtype":"TXT","ttl":600},{"domain":"test_update_changeset.test.recordstore.io","recordHash":"d9238c9b1e5579379826b62cf5b02d3a","isProtected":false,"rdata":"10.10.10.49","rrsetVersion":"637","rtype":"A","ttl":600},{"domain":"test_update_changeset_multiples.test.recordstore.io","recordHash":"14dab618590978ce04599dd26fcd476f","isProtected":false,"rdata":"10.10.10.50","rrsetVersion":"627","rtype":"A","ttl":600},{"domain":"test_update_changeset_multiples.test.recordstore.io","recordHash":"327dbef10c792ffe7190bb496046a610","isProtected":false,"rdata":"10.10.10.48","rrsetVersion":"627","rtype":"A","ttl":600},{"domain":"test_update_changeset_multiples.test.recordstore.io","recordHash":"7983b58ae60754a7459a69e32690de35","isProtected":false,"rdata":"10.10.10.49","rrsetVersion":"627","rtype":"A","ttl":600},{"domain":"test_updating_ttl.test.recordstore.io","recordHash":"a7f57df731fa53b1c4e1ba08e1129cda","isProtected":false,"rdata":"10.10.10.1","rrsetVersion":"631","rtype":"A","ttl":10}]}

        '
    http_version: 
  recorded_at: Thu, 17 Oct 2019 19:28:53 GMT
recorded_with: VCR 5.0.0
